Copyright 1986-2022 Xilinx, Inc. All Rights Reserved. Copyright 2022-2024 Advanced Micro Devices, Inc. All Rights Reserved.
----------------------------------------------------------------------------------------------------------------------------------------------------
| Tool Version : Vivado v.2024.2 (win64) Build 5239630 Fri Nov 08 22:35:27 MST 2024
| Date         : Wed Jul 29 15:40:49 2026
| Host         : LAPTOP-NHVBSV09 running 64-bit major release  (build 9200)
| Command      : report_utilization -file C:/lhm/2_Work/4_FPT/FPT_XCZU15EG_Attention_v2.4_profile_source/reports/profile_v2.4/utilization_synth.rpt
| Design       : attention_board_top
| Device       : xczu15eg-ffvb1156-2-i
| Speed File   : -2
| Design State : Synthesized
----------------------------------------------------------------------------------------------------------------------------------------------------

Utilization Design Information

Table of Contents
-----------------
1. CLB Logic
1.1 Summary of Registers by Type
2. BLOCKRAM
3. ARITHMETIC
4. I/O
5. CLOCK
6. ADVANCED
7. CONFIGURATION
8. Primitives
9. Black Boxes
10. Instantiated Netlists

1. CLB Logic
------------

+----------------------------+-------+-------+------------+-----------+-------+
|          Site Type         |  Used | Fixed | Prohibited | Available | Util% |
+----------------------------+-------+-------+------------+-----------+-------+
| CLB LUTs*                  | 53353 |     0 |          0 |    341280 | 15.63 |
|   LUT as Logic             | 26533 |     0 |          0 |    341280 |  7.77 |
|   LUT as Memory            | 26820 |     0 |          0 |    184320 | 14.55 |
|     LUT as Distributed RAM | 25848 |     0 |            |           |       |
|     LUT as Shift Register  |   972 |     0 |            |           |       |
| CLB Registers              | 37377 |     0 |          0 |    682560 |  5.48 |
|   Register as Flip Flop    | 37377 |     0 |          0 |    682560 |  5.48 |
|   Register as Latch        |     0 |     0 |          0 |    682560 |  0.00 |
| CARRY8                     |   834 |     0 |          0 |     42660 |  1.95 |
| F7 Muxes                   |  4249 |     0 |          0 |    170640 |  2.49 |
| F8 Muxes                   |  1946 |     0 |          0 |     85320 |  2.28 |
| F9 Muxes                   |     0 |     0 |          0 |     42660 |  0.00 |
+----------------------------+-------+-------+------------+-----------+-------+
* Warning! The Final LUT count, after physical optimizations and full implementation, is typically lower. Run opt_design after synthesis, if not already completed, for a more realistic count.
Warning! LUT value is adjusted to account for LUT combining.
Warning! For any ECO changes, please run place_design if there are unplaced instances


1.1 Summary of Registers by Type
--------------------------------

+-------+--------------+-------------+--------------+
| Total | Clock Enable | Synchronous | Asynchronous |
+-------+--------------+-------------+--------------+
| 0     |            _ |           - |            - |
| 0     |            _ |           - |          Set |
| 0     |            _ |           - |        Reset |
| 0     |            _ |         Set |            - |
| 0     |            _ |       Reset |            - |
| 0     |          Yes |           - |            - |
| 0     |          Yes |           - |          Set |
| 175   |          Yes |           - |        Reset |
| 68    |          Yes |         Set |            - |
| 37134 |          Yes |       Reset |            - |
+-------+--------------+-------------+--------------+


2. BLOCKRAM
-----------

+-------------------+------+-------+------------+-----------+-------+
|     Site Type     | Used | Fixed | Prohibited | Available | Util% |
+-------------------+------+-------+------------+-----------+-------+
| Block RAM Tile    | 99.5 |     0 |          0 |       744 | 13.37 |
|   RAMB36/FIFO*    |   98 |     0 |          0 |       744 | 13.17 |
|     RAMB36E2 only |   98 |       |            |           |       |
|   RAMB18          |    3 |     0 |          0 |      1488 |  0.20 |
|     RAMB18E2 only |    3 |       |            |           |       |
| URAM              |    0 |     0 |          0 |       112 |  0.00 |
+-------------------+------+-------+------------+-----------+-------+
* Note: Each Block RAM Tile only has one FIFO logic available and therefore can accommodate only one FIFO36E2 or one FIFO18E2. However, if a FIFO18E2 occupies a Block RAM Tile, that tile can still accommodate a RAMB18E2


3. ARITHMETIC
-------------

+----------------+------+-------+------------+-----------+-------+
|    Site Type   | Used | Fixed | Prohibited | Available | Util% |
+----------------+------+-------+------------+-----------+-------+
| DSPs           |  136 |     0 |          0 |      3528 |  3.85 |
|   DSP48E2 only |  136 |       |            |           |       |
+----------------+------+-------+------------+-----------+-------+


4. I/O
------

+------------+------+-------+------------+-----------+-------+
|  Site Type | Used | Fixed | Prohibited | Available | Util% |
+------------+------+-------+------------+-----------+-------+
| Bonded IOB |    1 |     1 |          0 |       328 |  0.30 |
| HDIOB_M    |    1 |     1 |          0 |        60 |  1.67 |
|   INPUT    |    0 |       |            |           |       |
|   OUTPUT   |    1 |       |            |           |       |
|   BIDIR    |    0 |       |            |           |       |
+------------+------+-------+------------+-----------+-------+


5. CLOCK
--------

+------------+------+-------+------------+-----------+-------+
|  Site Type | Used | Fixed | Prohibited | Available | Util% |
+------------+------+-------+------------+-----------+-------+
| BUFGCE     |    0 |     0 |          0 |       116 |  0.00 |
| BUFGCE_DIV |    0 |     0 |          0 |        16 |  0.00 |
| BUFG_GT    |    0 |     0 |          0 |       168 |  0.00 |
| BUFG_PS    |    1 |     0 |          0 |        72 |  1.39 |
| BUFGCTRL*  |    0 |     0 |          0 |        32 |  0.00 |
| PLL        |    0 |     0 |          0 |         8 |  0.00 |
| MMCM       |    0 |     0 |          0 |         4 |  0.00 |
+------------+------+-------+------------+-----------+-------+
* Note: Each used BUFGCTRL counts as two GLOBAL CLOCK BUFFERs. This table does not include global clocking resources, only buffer cell usage. See the Clock Utilization Report (report_clock_utilization) for detailed accounting of global clocking resource availability.


6. ADVANCED
-----------

+-----------------+------+-------+------------+-----------+--------+
|    Site Type    | Used | Fixed | Prohibited | Available |  Util% |
+-----------------+------+-------+------------+-----------+--------+
| GTHE4_CHANNEL   |    0 |     0 |          0 |        24 |   0.00 |
| GTHE4_COMMON    |    0 |     0 |          0 |         6 |   0.00 |
| OBUFDS_GTE4     |    0 |     0 |          0 |        12 |   0.00 |
| OBUFDS_GTE4_ADV |    0 |     0 |          0 |        12 |   0.00 |
| PS8             |    1 |     0 |          0 |         1 | 100.00 |
| SYSMONE4        |    0 |     0 |          0 |         1 |   0.00 |
+-----------------+------+-------+------------+-----------+--------+


7. CONFIGURATION
----------------

+-------------+------+-------+------------+-----------+-------+
|  Site Type  | Used | Fixed | Prohibited | Available | Util% |
+-------------+------+-------+------------+-----------+-------+
| BSCANE2     |    0 |     0 |          0 |         4 |  0.00 |
| DNA_PORTE2  |    0 |     0 |          0 |         1 |  0.00 |
| EFUSE_USR   |    0 |     0 |          0 |         1 |  0.00 |
| FRAME_ECCE4 |    0 |     0 |          0 |         1 |  0.00 |
| ICAPE3      |    0 |     0 |          0 |         2 |  0.00 |
| MASTER_JTAG |    0 |     0 |          0 |         1 |  0.00 |
| STARTUPE3   |    0 |     0 |          0 |         1 |  0.00 |
+-------------+------+-------+------------+-----------+-------+


8. Primitives
-------------

+----------+-------+---------------------+
| Ref Name |  Used | Functional Category |
+----------+-------+---------------------+
| FDRE     | 37134 |            Register |
| RAMD64E  | 25848 |                 CLB |
| LUT6     | 12796 |                 CLB |
| LUT3     |  8970 |                 CLB |
| LUT4     |  4326 |                 CLB |
| MUXF7    |  4249 |                 CLB |
| LUT2     |  3260 |                 CLB |
| LUT5     |  3133 |                 CLB |
| MUXF8    |  1946 |                 CLB |
| SRL16E   |   972 |                 CLB |
| CARRY8   |   834 |                 CLB |
| LUT1     |   682 |                 CLB |
| FDCE     |   175 |            Register |
| DSP48E2  |   136 |          Arithmetic |
| RAMB36E2 |    98 |            BLOCKRAM |
| FDSE     |    68 |            Register |
| RAMB18E2 |     3 |            BLOCKRAM |
| PS8      |     1 |            Advanced |
| OBUF     |     1 |                 I/O |
| BUFG_PS  |     1 |               Clock |
+----------+-------+---------------------+


9. Black Boxes
--------------

+----------+------+
| Ref Name | Used |
+----------+------+


10. Instantiated Netlists
-------------------------

+----------+------+
| Ref Name | Used |
+----------+------+


