
****** Vivado v2025.2 (64-bit)
  **** SW Build 6299465 on Fri Nov 14 19:35:11 GMT 2025
  **** IP Build 6300035 on Fri Nov 14 10:48:45 MST 2025
  **** SharedData Build 6298862 on Thu Nov 13 04:50:51 MST 2025
  **** Start of session at: Sun Sep 13 17:58:26 2026
    ** Copyright 1986-2022 Xilinx, Inc. All Rights Reserved.
    ** Copyright 2022-2025 Advanced Micro Devices, Inc. All Rights Reserved.

source {C:\Users\zhangxuanhao\AppData\Local\Temp\a_frontend_vivado_1bb77b38\xsim_run\run.tcl}
# create_project a_frontend_realip_xsim {C:/Users/zhangxuanhao/AppData/Local/Temp/a_frontend_vivado_1bb77b38/xsim_project} -part xczu15eg-ffvb1156-2-i
create_project: Time (s): cpu = 00:00:07 ; elapsed = 00:00:11 . Memory (MB): peak = 530.605 ; gain = 220.285
# set_property target_simulator XSim [current_project]
# read_ip {C:/Users/zhangxuanhao/AppData/Local/Temp/a_frontend_vivado_754158a5/ip_project/a_frontend_fp32_ip_gen.srcs/sources_1/ip/floating_point_0/floating_point_0.xci}
INFO: [IP_Flow 19-234] Refreshing IP repositories
INFO: [IP_Flow 19-1704] No user IP repositories specified
INFO: [IP_Flow 19-2313] Loaded Vivado IP repository 'E:/vivado_25_2/2025.2/Vivado/data/ip'.
WARNING: [Vivado 12-13650] The IP file 'C:/Users/zhangxuanhao/AppData/Local/Temp/a_frontend_vivado_754158a5/ip_project/a_frontend_fp32_ip_gen.srcs/sources_1/ip/floating_point_0/floating_point_0.xci' has been moved from its original location, as a result the outputs for this IP will now be generated in 'c:/Users/zhangxuanhao/AppData/Local/Temp/a_frontend_vivado_754158a5/ip_project/a_frontend_fp32_ip_gen.gen/sources_1/ip/floating_point_0'. Alternatively a copy of the IP can be imported into the project using one of the 'import_ip' or 'import_files' commands.
# read_ip {C:/Users/zhangxuanhao/AppData/Local/Temp/a_frontend_vivado_754158a5/ip_project/a_frontend_fp32_ip_gen.srcs/sources_1/ip/floating_point_1/floating_point_1.xci}
WARNING: [Vivado 12-13650] The IP file 'C:/Users/zhangxuanhao/AppData/Local/Temp/a_frontend_vivado_754158a5/ip_project/a_frontend_fp32_ip_gen.srcs/sources_1/ip/floating_point_1/floating_point_1.xci' has been moved from its original location, as a result the outputs for this IP will now be generated in 'c:/Users/zhangxuanhao/AppData/Local/Temp/a_frontend_vivado_754158a5/ip_project/a_frontend_fp32_ip_gen.gen/sources_1/ip/floating_point_1'. Alternatively a copy of the IP can be imported into the project using one of the 'import_ip' or 'import_files' commands.
# read_ip {C:/Users/zhangxuanhao/AppData/Local/Temp/a_frontend_vivado_754158a5/ip_project/a_frontend_fp32_ip_gen.srcs/sources_1/ip/floating_point_2/floating_point_2.xci}
WARNING: [Vivado 12-13650] The IP file 'C:/Users/zhangxuanhao/AppData/Local/Temp/a_frontend_vivado_754158a5/ip_project/a_frontend_fp32_ip_gen.srcs/sources_1/ip/floating_point_2/floating_point_2.xci' has been moved from its original location, as a result the outputs for this IP will now be generated in 'c:/Users/zhangxuanhao/AppData/Local/Temp/a_frontend_vivado_754158a5/ip_project/a_frontend_fp32_ip_gen.gen/sources_1/ip/floating_point_2'. Alternatively a copy of the IP can be imported into the project using one of the 'import_ip' or 'import_files' commands.
# generate_target simulation [get_ips floating_point_0 floating_point_1 floating_point_2]
INFO: [IP_Flow 19-1706] Not generating 'Simulation' target for IP 'floating_point_0'. Target already exists and is up to date.
INFO: [IP_Flow 19-1706] Not generating 'Simulation' target for IP 'floating_point_1'. Target already exists and is up to date.
INFO: [IP_Flow 19-1706] Not generating 'Simulation' target for IP 'floating_point_2'. Target already exists and is up to date.
# add_files -norecurse {{C:/Users/zhangxuanhao/AppData/Local/Temp/a_frontend_vivado_1bb77b38/src/rtl/core/bc/qk/bf16_to_fp32.v} {C:/Users/zhangxuanhao/AppData/Local/Temp/a_frontend_vivado_1bb77b38/src/rtl/core/bc/qk/fp32_to_bf16.v} {C:/Users/zhangxuanhao/AppData/Local/Temp/a_frontend_vivado_1bb77b38/src/rtl/core/bc/qk/fp32_mul_ip.v} {C:/Users/zhangxuanhao/AppData/Local/Temp/a_frontend_vivado_1bb77b38/src/rtl/core/bc/qk/fp32_add_ip.v} {C:/Users/zhangxuanhao/AppData/Local/Temp/a_frontend_vivado_1bb77b38/src/rtl/core/bc/qk/cats_r4_qk_score_formatter.sv} {C:/Users/zhangxuanhao/AppData/Local/Temp/a_frontend_vivado_1bb77b38/src/rtl/core/bc/qk/cats_r4_qk_row_assembler.sv} {C:/Users/zhangxuanhao/AppData/Local/Temp/a_frontend_vivado_1bb77b38/src/rtl/core/bc/qk/cats_r4_qk_ab_handoff.sv} {C:/Users/zhangxuanhao/AppData/Local/Temp/a_frontend_vivado_1bb77b38/src/rtl/core/bc/qk/cats_r4_qk_slot_lifecycle.sv} {C:/Users/zhangxuanhao/AppData/Local/Temp/a_frontend_vivado_1bb77b38/src/rtl/core/bc/qk/cats_r4_qk_row_abort_arbiter.sv} {C:/Users/zhangxuanhao/AppData/Local/Temp/a_frontend_vivado_1bb77b38/src/rtl/core/bc/qk/cats_r4_qk_row_handoff_wrapper.sv} {C:/Users/zhangxuanhao/AppData/Local/Temp/a_frontend_vivado_1bb77b38/src/rtl/core/bc/qk/cats_r4_qk_a2_row_pipeline.sv} {C:/Users/zhangxuanhao/AppData/Local/Temp/a_frontend_vivado_1bb77b38/src/rtl/core/bc/qk/cats_r4_qk_q_slab_client.sv} {C:/Users/zhangxuanhao/AppData/Local/Temp/a_frontend_vivado_1bb77b38/src/rtl/core/bc/qk/cats_r4_qk_32lane_scheduler.sv} {C:/Users/zhangxuanhao/AppData/Local/Temp/a_frontend_vivado_1bb77b38/src/rtl/core/bc/qk/cats_r4_qk_32lane_fp32_service.sv} {C:/Users/zhangxuanhao/AppData/Local/Temp/a_frontend_vivado_1bb77b38/src/rtl/core/bc/qk/cats_r4_qk_32lane_engine.sv} {C:/Users/zhangxuanhao/AppData/Local/Temp/a_frontend_vivado_1bb77b38/src/rtl/core/cluster/cats_r4_compute_frontend.sv}}
# add_files -fileset sim_1 -norecurse {C:/Users/zhangxuanhao/AppData/Local/Temp/a_frontend_vivado_1bb77b38/src/tb/tb_cats_r4_compute_frontend_e2e.sv}
# set_property top tb_cats_r4_compute_frontend_e2e [get_filesets sim_1]
# set_property generic {CLUSTERS=1 HEAD_DIM=4 TOTAL_JOBS=1 RANDOM_STALL=1 INJECT_NEGATIVE=0 RESET_MIDRUN=0} [get_filesets sim_1]
# update_compile_order -fileset sources_1
# update_compile_order -fileset sim_1
update_compile_order: Time (s): cpu = 00:00:00 ; elapsed = 00:00:06 . Memory (MB): peak = 586.961 ; gain = 0.000
# launch_simulation -simset sim_1 -mode behavioral
Command: launch_simulation  -simset sim_1 -mode behavioral
INFO: [Vivado 12-25911] Executing simulation for 'XSim' simulator
INFO: [Vivado 12-28535] Process started - Sun Sep 13 17:58:52 2026

INFO: [Vivado 12-12493] Simulation top is 'tb_cats_r4_compute_frontend_e2e'
INFO: [Vivado 12-5698] Checking validity of IPs in the design for the 'XSim' simulator...
INFO: [Vivado 12-5682] Launching behavioral simulation in 'C:/Users/zhangxuanhao/AppData/Local/Temp/a_frontend_vivado_1bb77b38/xsim_project/a_frontend_realip_xsim.sim/sim_1/behav/xsim'
INFO: [Vivado 12-13660] Precompiled IP simulation library mode is enabled (default). The design IP libraries will be referenced from the compiled library path. Please note that if the precompiled version of the library is not found from the path or the IP is in locked state, then the library source files for these IPs will be compiled locally as part of the compile order.
INFO: [Vivado 12-4795] Using compiled simulation libraries for IPs
INFO: [SIM-utils-51] Simulation object is 'sim_1'
INFO: [SIM-utils-72] Using boost library from 'E:/vivado_25_2/2025.2/Vivado/tps/boost_1_72_0'
INFO: [USF-XSim-7] Finding pre-compiled libraries...
INFO: [USF-XSim-11] File 'E:/vivado_25_2/2025.2/Vivado/data/xsim/xsim.ini' copied to run dir:'C:/Users/zhangxuanhao/AppData/Local/Temp/a_frontend_vivado_1bb77b38/xsim_project/a_frontend_realip_xsim.sim/sim_1/behav/xsim'
INFO: [SIM-utils-54] Inspecting design source files for 'tb_cats_r4_compute_frontend_e2e' in fileset 'sim_1'...
INFO: [USF-XSim-97] Finding global include files...
INFO: [USF-XSim-98] Fetching design files from 'sim_1'...
INFO: [USF-XSim-2] XSim::Compile design
INFO: [USF-XSim-61] Executing 'COMPILE and ANALYZE' step in 'C:/Users/zhangxuanhao/AppData/Local/Temp/a_frontend_vivado_1bb77b38/xsim_project/a_frontend_realip_xsim.sim/sim_1/behav/xsim'
"xvlog --incr --relax -L uvm -prj tb_cats_r4_compute_frontend_e2e_vlog.prj"

INFO: [VRFC 10-2263] Analyzing Verilog file "C:/Users/zhangxuanhao/AppData/Local/Temp/a_frontend_vivado_1bb77b38/src/rtl/core/bc/qk/bf16_to_fp32.v" into library xil_defaultlib

INFO: [VRFC 10-311] analyzing module bf16_to_fp32

INFO: [VRFC 10-2263] Analyzing Verilog file "C:/Users/zhangxuanhao/AppData/Local/Temp/a_frontend_vivado_1bb77b38/src/rtl/core/bc/qk/fp32_add_ip.v" into library xil_defaultlib

INFO: [VRFC 10-311] analyzing module fp32_add_ip

INFO: [VRFC 10-2263] Analyzing Verilog file "C:/Users/zhangxuanhao/AppData/Local/Temp/a_frontend_vivado_1bb77b38/src/rtl/core/bc/qk/fp32_mul_ip.v" into library xil_defaultlib

INFO: [VRFC 10-311] analyzing module fp32_mul_ip

INFO: [VRFC 10-2263] Analyzing Verilog file "C:/Users/zhangxuanhao/AppData/Local/Temp/a_frontend_vivado_1bb77b38/src/rtl/core/bc/qk/fp32_to_bf16.v" into library xil_defaultlib

INFO: [VRFC 10-311] analyzing module fp32_to_bf16

INFO: [VRFC 10-2263] Analyzing SystemVerilog file "C:/Users/zhangxuanhao/AppData/Local/Temp/a_frontend_vivado_1bb77b38/src/rtl/core/cluster/cats_r4_compute_frontend.sv" into library xil_defaultlib

INFO: [VRFC 10-311] analyzing module cats_r4_compute_frontend

INFO: [VRFC 10-2263] Analyzing SystemVerilog file "C:/Users/zhangxuanhao/AppData/Local/Temp/a_frontend_vivado_1bb77b38/src/rtl/core/bc/qk/cats_r4_qk_32lane_engine.sv" into library xil_defaultlib

INFO: [VRFC 10-311] analyzing module cats_r4_qk_32lane_engine

INFO: [VRFC 10-2263] Analyzing SystemVerilog file "C:/Users/zhangxuanhao/AppData/Local/Temp/a_frontend_vivado_1bb77b38/src/rtl/core/bc/qk/cats_r4_qk_32lane_fp32_service.sv" into library xil_defaultlib

INFO: [VRFC 10-311] analyzing module cats_r4_qk_32lane_fp32_service

INFO: [VRFC 10-2263] Analyzing SystemVerilog file "C:/Users/zhangxuanhao/AppData/Local/Temp/a_frontend_vivado_1bb77b38/src/rtl/core/bc/qk/cats_r4_qk_32lane_scheduler.sv" into library xil_defaultlib

INFO: [VRFC 10-311] analyzing module cats_r4_qk_32lane_scheduler

INFO: [VRFC 10-2263] Analyzing SystemVerilog file "C:/Users/zhangxuanhao/AppData/Local/Temp/a_frontend_vivado_1bb77b38/src/rtl/core/bc/qk/cats_r4_qk_a2_row_pipeline.sv" into library xil_defaultlib

INFO: [VRFC 10-311] analyzing module cats_r4_qk_a2_row_pipeline

INFO: [VRFC 10-2263] Analyzing SystemVerilog file "C:/Users/zhangxuanhao/AppData/Local/Temp/a_frontend_vivado_1bb77b38/src/rtl/core/bc/qk/cats_r4_qk_ab_handoff.sv" into library xil_defaultlib

INFO: [VRFC 10-311] analyzing module cats_r4_qk_ab_handoff

INFO: [VRFC 10-2263] Analyzing SystemVerilog file "C:/Users/zhangxuanhao/AppData/Local/Temp/a_frontend_vivado_1bb77b38/src/rtl/core/bc/qk/cats_r4_qk_q_slab_client.sv" into library xil_defaultlib

INFO: [VRFC 10-311] analyzing module cats_r4_qk_q_slab_client

INFO: [VRFC 10-2263] Analyzing SystemVerilog file "C:/Users/zhangxuanhao/AppData/Local/Temp/a_frontend_vivado_1bb77b38/src/rtl/core/bc/qk/cats_r4_qk_row_abort_arbiter.sv" into library xil_defaultlib

INFO: [VRFC 10-311] analyzing module cats_r4_qk_row_abort_arbiter

INFO: [VRFC 10-2263] Analyzing SystemVerilog file "C:/Users/zhangxuanhao/AppData/Local/Temp/a_frontend_vivado_1bb77b38/src/rtl/core/bc/qk/cats_r4_qk_row_assembler.sv" into library xil_defaultlib

INFO: [VRFC 10-311] analyzing module cats_r4_qk_row_assembler

INFO: [VRFC 10-2263] Analyzing SystemVerilog file "C:/Users/zhangxuanhao/AppData/Local/Temp/a_frontend_vivado_1bb77b38/src/rtl/core/bc/qk/cats_r4_qk_row_handoff_wrapper.sv" into library xil_defaultlib

INFO: [VRFC 10-311] analyzing module cats_r4_qk_row_handoff_wrapper

INFO: [VRFC 10-2263] Analyzing SystemVerilog file "C:/Users/zhangxuanhao/AppData/Local/Temp/a_frontend_vivado_1bb77b38/src/rtl/core/bc/qk/cats_r4_qk_score_formatter.sv" into library xil_defaultlib

INFO: [VRFC 10-311] analyzing module cats_r4_qk_score_formatter

INFO: [VRFC 10-2263] Analyzing SystemVerilog file "C:/Users/zhangxuanhao/AppData/Local/Temp/a_frontend_vivado_1bb77b38/src/rtl/core/bc/qk/cats_r4_qk_slot_lifecycle.sv" into library xil_defaultlib

INFO: [VRFC 10-311] analyzing module cats_r4_qk_slot_lifecycle

INFO: [VRFC 10-2263] Analyzing SystemVerilog file "C:/Users/zhangxuanhao/AppData/Local/Temp/a_frontend_vivado_1bb77b38/src/tb/tb_cats_r4_compute_frontend_e2e.sv" into library xil_defaultlib

INFO: [VRFC 10-311] analyzing module tb_cats_r4_compute_frontend_e2e

INFO: [VRFC 10-2263] Analyzing Verilog file "C:/Users/zhangxuanhao/AppData/Local/Temp/a_frontend_vivado_1bb77b38/xsim_project/a_frontend_realip_xsim.sim/sim_1/behav/xsim/glbl.v" into library xil_defaultlib

INFO: [VRFC 10-311] analyzing module glbl

"xvhdl --incr --relax -prj tb_cats_r4_compute_frontend_e2e_vhdl.prj"

INFO: [VRFC 10-163] Analyzing VHDL file "C:/Users/zhangxuanhao/AppData/Local/Temp/a_frontend_vivado_754158a5/ip_project/a_frontend_fp32_ip_gen.gen/sources_1/ip/floating_point_0/sim/floating_point_0.vhd" into library xil_defaultlib

INFO: [VRFC 10-3107] analyzing entity 'floating_point_0'

INFO: [VRFC 10-163] Analyzing VHDL file "C:/Users/zhangxuanhao/AppData/Local/Temp/a_frontend_vivado_754158a5/ip_project/a_frontend_fp32_ip_gen.gen/sources_1/ip/floating_point_2/sim/floating_point_2.vhd" into library xil_defaultlib

INFO: [VRFC 10-3107] analyzing entity 'floating_point_2'

INFO: [VRFC 10-163] Analyzing VHDL file "C:/Users/zhangxuanhao/AppData/Local/Temp/a_frontend_vivado_754158a5/ip_project/a_frontend_fp32_ip_gen.gen/sources_1/ip/floating_point_1/sim/floating_point_1.vhd" into library xil_defaultlib

INFO: [VRFC 10-3107] analyzing entity 'floating_point_1'

run_program: Time (s): cpu = 00:00:00 ; elapsed = 00:00:05 . Memory (MB): peak = 586.961 ; gain = 0.000
INFO: [USF-XSim-69] 'compile' step finished in '5' seconds
INFO: [USF-XSim-3] XSim::Elaborate design
INFO: [USF-XSim-61] Executing 'ELABORATE' step in 'C:/Users/zhangxuanhao/AppData/Local/Temp/a_frontend_vivado_1bb77b38/xsim_project/a_frontend_realip_xsim.sim/sim_1/behav/xsim'
"xelab --incr --debug typical --relax --mt 2 -generic_top "CLUSTERS=1" -generic_top "HEAD_DIM=4" -generic_top "TOTAL_JOBS=1" -generic_top "RANDOM_STALL=1" -generic_top "INJECT_NEGATIVE=0" -generic_top "RESET_MIDRUN=0" -L xil_defaultlib -L xbip_utils_v3_0_15 -L axi_utils_v2_0_11 -L xbip_pipe_v3_0_11 -L xbip_dsp48_wrapper_v3_0_7 -L mult_gen_v12_0_24 -L floating_point_v7_1_21 -L uvm -L unisims_ver -L unimacro_ver -L secureip -L xpm --snapshot tb_cats_r4_compute_frontend_e2e_behav xil_defaultlib.tb_cats_r4_compute_frontend_e2e xil_defaultlib.glbl -log elaborate.log"

Vivado Simulator v2025.2

Copyright 1986-2022 Xilinx, Inc. All Rights Reserved.

Copyright 2022-2025 Advanced Micro Devices, Inc. All Rights Reserved.

Running: E:/vivado_25_2/2025.2/Vivado/bin/unwrapped/win64.o/xelab.exe --incr --debug typical --relax --mt 2 -generic_top CLUSTERS=1 -generic_top HEAD_DIM=4 -generic_top TOTAL_JOBS=1 -generic_top RANDOM_STALL=1 -generic_top INJECT_NEGATIVE=0 -generic_top RESET_MIDRUN=0 -L xil_defaultlib -L xbip_utils_v3_0_15 -L axi_utils_v2_0_11 -L xbip_pipe_v3_0_11 -L xbip_dsp48_wrapper_v3_0_7 -L mult_gen_v12_0_24 -L floating_point_v7_1_21 -L uvm -L unisims_ver -L unimacro_ver -L secureip -L xpm --snapshot tb_cats_r4_compute_frontend_e2e_behav xil_defaultlib.tb_cats_r4_compute_frontend_e2e xil_defaultlib.glbl -log elaborate.log 

Using 2 slave threads.

Starting static elaboration

Pass Through NonSizing Optimizer

WARNING: [VRFC 10-3532] module 'glbl' does not have a parameter named 'CLUSTERS' to override [C:/Users/zhangxuanhao/AppData/Local/Temp/a_frontend_vivado_1bb77b38/xsim_project/a_frontend_realip_xsim.sim/sim_1/behav/xsim/glbl.v:6]

Completed static elaboration

Starting simulation data flow analysis

Completed simulation data flow analysis

Time Resolution for simulation is 1ps

Compiling package std.standard

Compiling package std.textio

Compiling package ieee.std_logic_1164

Compiling package ieee.numeric_std

Compiling package floating_point_v7_1_21.floating_point_v7_1_21_viv_comp

Compiling package xbip_utils_v3_0_15.xbip_utils_v3_0_15_pkg

Compiling package axi_utils_v2_0_11.axi_utils_v2_0_11_pkg

Compiling package floating_point_v7_1_21.floating_point_v7_1_21_consts

Compiling package ieee.math_real

Compiling package floating_point_v7_1_21.floating_point_v7_1_21_exp_table...

Compiling package mult_gen_v12_0_24.mult_gen_v12_0_24_pkg

Compiling package ieee.std_logic_arith

Compiling package ieee.std_logic_signed

Compiling package floating_point_v7_1_21.floating_point_v7_1_21_pkg

Compiling package floating_point_v7_1_21.flt_utils

Compiling package unisim.vcomponents

Compiling package mult_gen_v12_0_24.dsp_pkg

Compiling package ieee.vital_timing

Compiling package ieee.vital_primitives

Compiling package unisim.vpkg

Compiling package xbip_pipe_v3_0_11.xbip_pipe_v3_0_11_viv_comp

Compiling module xil_defaultlib.cats_r4_qk_q_slab_client

Compiling module xil_defaultlib.cats_r4_qk_32lane_scheduler(HEAD...

Compiling module xil_defaultlib.bf16_to_fp32

Compiling architecture xilinx of entity axi_utils_v2_0_11.axi_slave_2to1 [\axi_slave_2to1(c_a_tdata_width=...]

Compiling architecture synth of entity xbip_pipe_v3_0_11.xbip_pipe_v3_0_11_viv [\xbip_pipe_v3_0_11_viv(c_latency...]

Compiling architecture rtl of entity floating_point_v7_1_21.delay [\delay(width=26,fast_input=true)...]

Compiling architecture synth of entity xbip_pipe_v3_0_11.xbip_pipe_v3_0_11_viv [\xbip_pipe_v3_0_11_viv(c_latency...]

Compiling architecture rtl of entity floating_point_v7_1_21.delay [\delay(width=2,fast_input=true)\]

Compiling architecture xilinx of entity mult_gen_v12_0_24.delay_line [\delay_line(c_xdevicefamily="zyn...]

Compiling architecture xilinx of entity mult_gen_v12_0_24.delay_line [\delay_line(c_xdevicefamily="zyn...]

Compiling architecture xilinx of entity mult_gen_v12_0_24.delay_line [\delay_line(c_xdevicefamily="zyn...]

Compiling architecture xilinx of entity mult_gen_v12_0_24.delay_line [\delay_line(c_xdevicefamily="zyn...]

Compiling architecture dsp48e2_v of entity unisim.DSP48E2 [\DSP48E2(alumodereg=0,carryinreg...]

Compiling architecture xilinx of entity mult_gen_v12_0_24.delay_line [\delay_line(c_xdevicefamily="zyn...]

Compiling architecture dsp48e2_v of entity unisim.DSP48E2 [\DSP48E2(a_input="CASCADE",bcasc...]

Compiling architecture xilinx of entity mult_gen_v12_0_24.delay_line [\delay_line(c_xdevicefamily="zyn...]

Compiling architecture xilinx of entity mult_gen_v12_0_24.delay_line [\delay_line(c_xdevicefamily="zyn...]

Compiling architecture xilinx of entity mult_gen_v12_0_24.op_resize [\op_resize(ai_width=24,bi_width=...]

Compiling architecture xilinx of entity mult_gen_v12_0_24.dsp [\dsp(c_xdevicefamily="zynquplus"...]

Compiling architecture xilinx of entity mult_gen_v12_0_24.mult_gen_v12_0_24_viv [\mult_gen_v12_0_24_viv(c_verbosi...]

Compiling architecture rtl of entity floating_point_v7_1_21.fix_mult_xx [\fix_mult_xx(c_xdevicefamily="zy...]

Compiling architecture rtl of entity floating_point_v7_1_21.fix_mult [\fix_mult(c_xdevicefamily="zynqu...]

Compiling architecture muxcy_v of entity unisim.MUXCY [muxcy_default]

Compiling architecture xorcy_v of entity unisim.XORCY [xorcy_default]

Compiling architecture fdre_v of entity unisim.FDRE [fdre_default]

Compiling architecture fde_v of entity unisim.FDE [fde_default]

Compiling architecture synth of entity xbip_pipe_v3_0_11.xbip_pipe_v3_0_11_viv [\xbip_pipe_v3_0_11_viv(c_has_ce=...]

Compiling architecture rtl of entity floating_point_v7_1_21.delay [\delay(length=0)\]

Compiling architecture synth of entity xbip_pipe_v3_0_11.xbip_pipe_v3_0_11_viv [\xbip_pipe_v3_0_11_viv(c_latency...]

Compiling architecture rtl of entity floating_point_v7_1_21.delay [\delay(width=7)\]

Compiling architecture synth of entity xbip_pipe_v3_0_11.xbip_pipe_v3_0_11_viv [\xbip_pipe_v3_0_11_viv(c_latency...]

Compiling architecture rtl of entity floating_point_v7_1_21.delay [\delay(width=8,fast_input=true)\]

Compiling architecture struct of entity floating_point_v7_1_21.carry_chain [\carry_chain(c_xdevicefamily="zy...]

Compiling architecture synth of entity xbip_pipe_v3_0_11.xbip_pipe_v3_0_11_viv [\xbip_pipe_v3_0_11_viv(c_has_ce=...]

Compiling architecture rtl of entity floating_point_v7_1_21.delay [\delay(width=32,length=0)\]

Compiling architecture synth of entity xbip_pipe_v3_0_11.xbip_pipe_v3_0_11_viv [\xbip_pipe_v3_0_11_viv(c_has_ce=...]

Compiling architecture rtl of entity floating_point_v7_1_21.delay [\delay(width=4,length=0)\]

Compiling architecture struct of entity floating_point_v7_1_21.carry_chain [\carry_chain(c_xdevicefamily="zy...]

Compiling architecture synth of entity floating_point_v7_1_21.compare_eq_im [\compare_eq_im(c_xdevicefamily="...]

Compiling architecture synth of entity xbip_pipe_v3_0_11.xbip_pipe_v3_0_11_viv [\xbip_pipe_v3_0_11_viv(c_latency...]

Compiling architecture rtl of entity floating_point_v7_1_21.delay [\delay(fast_input=true)\]

Compiling architecture rtl of entity floating_point_v7_1_21.special_detect [\special_detect(c_xdevicefamily=...]

Compiling architecture synth of entity xbip_pipe_v3_0_11.xbip_pipe_v3_0_11_viv [\xbip_pipe_v3_0_11_viv(c_latency...]

Compiling architecture rtl of entity floating_point_v7_1_21.delay [delay_default]

Compiling architecture synth of entity xbip_pipe_v3_0_11.xbip_pipe_v3_0_11_viv [\xbip_pipe_v3_0_11_viv(c_latency...]

Compiling architecture rtl of entity floating_point_v7_1_21.delay [\delay(length=4)\]

Compiling architecture synth of entity xbip_pipe_v3_0_11.xbip_pipe_v3_0_11_viv [\xbip_pipe_v3_0_11_viv(c_latency...]

Compiling architecture rtl of entity floating_point_v7_1_21.delay [\delay(width=2,length=4,fast_inp...]

Compiling architecture synth of entity xbip_pipe_v3_0_11.xbip_pipe_v3_0_11_viv [\xbip_pipe_v3_0_11_viv(c_latency...]

Compiling architecture rtl of entity floating_point_v7_1_21.delay [\delay(length=4,fast_input=true)...]

Compiling architecture synth of entity xbip_pipe_v3_0_11.xbip_pipe_v3_0_11_viv [\xbip_pipe_v3_0_11_viv(c_latency...]

Compiling architecture rtl of entity floating_point_v7_1_21.delay [\delay(length=6,fast_input=true)...]

Compiling architecture synth of entity xbip_pipe_v3_0_11.xbip_pipe_v3_0_11_viv [\xbip_pipe_v3_0_11_viv(c_latency...]

Compiling architecture rtl of entity floating_point_v7_1_21.delay [\delay(width=4,length=4,fast_inp...]

Compiling architecture synth of entity xbip_pipe_v3_0_11.xbip_pipe_v3_0_11_viv [\xbip_pipe_v3_0_11_viv(c_latency...]

Compiling architecture rtl of entity floating_point_v7_1_21.delay [\delay(width=8,length=4)\]

Compiling architecture synth of entity xbip_pipe_v3_0_11.xbip_pipe_v3_0_11_viv [\xbip_pipe_v3_0_11_viv(c_latency...]

Compiling architecture rtl of entity floating_point_v7_1_21.delay [\delay(length=2,fast_input=true)...]

Compiling architecture synth of entity xbip_pipe_v3_0_11.xbip_pipe_v3_0_11_viv [\xbip_pipe_v3_0_11_viv(c_latency...]

Compiling architecture rtl of entity floating_point_v7_1_21.delay [\delay(width=3,fast_input=true)\]

Compiling architecture synth of entity xbip_pipe_v3_0_11.xbip_pipe_v3_0_11_viv [\xbip_pipe_v3_0_11_viv(c_latency...]

Compiling architecture rtl of entity floating_point_v7_1_21.delay [\delay(width=4,length=2,fast_inp...]

Compiling architecture synth of entity xbip_pipe_v3_0_11.xbip_pipe_v3_0_11_viv [\xbip_pipe_v3_0_11_viv(c_latency...]

Compiling architecture rtl of entity floating_point_v7_1_21.delay [\delay(width=14)\]

Compiling architecture rtl of entity floating_point_v7_1_21.flt_mult_exp [\flt_mult_exp(c_xdevicefamily="z...]

Compiling architecture synth of entity xbip_pipe_v3_0_11.xbip_pipe_v3_0_11_viv [\xbip_pipe_v3_0_11_viv(c_latency...]

Compiling architecture rtl of entity floating_point_v7_1_21.delay [\delay(width=8,length=2)\]

Compiling architecture synth of entity xbip_pipe_v3_0_11.xbip_pipe_v3_0_11_viv [\xbip_pipe_v3_0_11_viv(c_latency...]

Compiling architecture rtl of entity floating_point_v7_1_21.delay [\delay(width=8)\]

Compiling architecture synth of entity xbip_pipe_v3_0_11.xbip_pipe_v3_0_11_viv [\xbip_pipe_v3_0_11_viv(c_latency...]

Compiling architecture rtl of entity floating_point_v7_1_21.delay [\delay(width=11)\]

Compiling architecture synth of entity xbip_pipe_v3_0_11.xbip_pipe_v3_0_11_viv [\xbip_pipe_v3_0_11_viv(c_latency...]

Compiling architecture rtl of entity floating_point_v7_1_21.delay [\delay(width=12,length=2,fast_in...]

Compiling architecture struct of entity floating_point_v7_1_21.carry_chain [\carry_chain(c_xdevicefamily="zy...]

Compiling architecture synth of entity xbip_pipe_v3_0_11.xbip_pipe_v3_0_11_viv [\xbip_pipe_v3_0_11_viv(c_latency...]

Compiling architecture rtl of entity floating_point_v7_1_21.delay [\delay(width=12,fast_input=true)...]

Compiling architecture struct of entity floating_point_v7_1_21.carry_chain [\carry_chain(c_xdevicefamily="zy...]

Compiling architecture synth of entity xbip_pipe_v3_0_11.xbip_pipe_v3_0_11_viv [\xbip_pipe_v3_0_11_viv(c_has_ce=...]

Compiling architecture rtl of entity floating_point_v7_1_21.delay [\delay(width=8,length=0)\]

Compiling architecture struct of entity floating_point_v7_1_21.carry_chain [\carry_chain(c_xdevicefamily="zy...]

Compiling architecture synth of entity xbip_pipe_v3_0_11.xbip_pipe_v3_0_11_viv [\xbip_pipe_v3_0_11_viv(c_has_ce=...]

Compiling architecture rtl of entity floating_point_v7_1_21.delay [\delay(width=14,length=0)\]

Compiling architecture synth of entity xbip_pipe_v3_0_11.xbip_pipe_v3_0_11_viv [\xbip_pipe_v3_0_11_viv(c_has_ce=...]

Compiling architecture rtl of entity floating_point_v7_1_21.delay [\delay(width=25,length=0,fast_in...]

Compiling architecture synth of entity xbip_pipe_v3_0_11.xbip_pipe_v3_0_11_viv [\xbip_pipe_v3_0_11_viv(c_has_ce=...]

Compiling architecture rtl of entity floating_point_v7_1_21.delay [\delay(width=3,length=0)\]

Compiling architecture synth of entity xbip_pipe_v3_0_11.xbip_pipe_v3_0_11_viv [\xbip_pipe_v3_0_11_viv(c_has_ce=...]

Compiling architecture rtl of entity floating_point_v7_1_21.delay [\delay(width=2,length=0)\]

Compiling architecture struct of entity floating_point_v7_1_21.carry_chain [\carry_chain(c_xdevicefamily="zy...]

Compiling architecture rtl of entity floating_point_v7_1_21.flt_round_bit [\flt_round_bit(c_xdevicefamily="...]

Compiling architecture rtl of entity floating_point_v7_1_21.renorm_and_round_logic [\renorm_and_round_logic(c_xdevic...]

Compiling architecture rtl of entity floating_point_v7_1_21.flt_mult_round [\flt_mult_round(c_xdevicefamily=...]

Compiling architecture synth of entity floating_point_v7_1_21.flt_dec_op_lat [\flt_dec_op_lat(c_xdevicefamily=...]

Compiling architecture rtl of entity floating_point_v7_1_21.flt_mult [\flt_mult(c_xdevicefamily="zynqu...]

Compiling architecture synth of entity xbip_pipe_v3_0_11.xbip_pipe_v3_0_11_viv [\xbip_pipe_v3_0_11_viv(c_latency...]

Compiling architecture xilinx of entity floating_point_v7_1_21.floating_point_v7_1_21_viv [\floating_point_v7_1_21_viv(c_xd...]

Compiling architecture xilinx of entity floating_point_v7_1_21.floating_point_v7_1_21 [\floating_point_v7_1_21(c_xdevic...]

Compiling architecture floating_point_0_arch of entity xil_defaultlib.floating_point_0 [floating_point_0_default]

Compiling module xil_defaultlib.fp32_mul_ip_default

Compiling architecture synth of entity xbip_pipe_v3_0_11.xbip_pipe_v3_0_11_viv [\xbip_pipe_v3_0_11_viv(c_has_ce=...]

Compiling architecture rtl of entity floating_point_v7_1_21.delay [\delay(width=7,length=0)\]

Compiling architecture struct of entity floating_point_v7_1_21.carry_chain [\carry_chain(c_xdevicefamily="zy...]

Compiling architecture synth of entity floating_point_v7_1_21.compare_eq_im [\compare_eq_im(c_xdevicefamily="...]

Compiling architecture struct of entity floating_point_v7_1_21.carry_chain [\carry_chain(c_xdevicefamily="zy...]

Compiling architecture synth of entity xbip_pipe_v3_0_11.xbip_pipe_v3_0_11_viv [\xbip_pipe_v3_0_11_viv(c_latency...]

Compiling architecture rtl of entity floating_point_v7_1_21.delay [\delay(width=24,length=2,fast_in...]

Compiling architecture synth of entity xbip_pipe_v3_0_11.xbip_pipe_v3_0_11_viv [\xbip_pipe_v3_0_11_viv(c_latency...]

Compiling architecture rtl of entity floating_point_v7_1_21.delay [\delay(width=16)\]

Compiling architecture synth of entity xbip_pipe_v3_0_11.xbip_pipe_v3_0_11_viv [\xbip_pipe_v3_0_11_viv(c_latency...]

Compiling architecture rtl of entity floating_point_v7_1_21.delay [\delay(length=2)\]

Compiling architecture dsp48e1_v of entity unisim.DSP48E1 [\DSP48E1(mask="11111111000000000...]

Compiling architecture synth of entity xbip_pipe_v3_0_11.xbip_pipe_v3_0_11_viv [\xbip_pipe_v3_0_11_viv(c_has_ce=...]

Compiling architecture rtl of entity floating_point_v7_1_21.delay [\delay(width=48,length=0)\]

Compiling architecture synth of entity xbip_pipe_v3_0_11.xbip_pipe_v3_0_11_viv [\xbip_pipe_v3_0_11_viv(c_has_ce=...]

Compiling architecture rtl of entity floating_point_v7_1_21.delay [\delay(width=24,length=0)\]

Compiling architecture synth of entity xbip_pipe_v3_0_11.xbip_pipe_v3_0_11_viv [\xbip_pipe_v3_0_11_viv(c_has_ce=...]

Compiling architecture rtl of entity floating_point_v7_1_21.delay [\delay(width=16,length=0)\]

Compiling architecture rtl of entity floating_point_v7_1_21.dsp48e1_wrapper [\dsp48e1_wrapper(c_part="xczu15e...]

Compiling architecture synth of entity xbip_pipe_v3_0_11.xbip_pipe_v3_0_11_viv [\xbip_pipe_v3_0_11_viv(c_latency...]

Compiling architecture rtl of entity floating_point_v7_1_21.delay [\delay(length=3)\]

Compiling architecture synth of entity xbip_pipe_v3_0_11.xbip_pipe_v3_0_11_viv [\xbip_pipe_v3_0_11_viv(c_has_ce=...]

Compiling architecture rtl of entity floating_point_v7_1_21.delay [\delay(width=13,length=0)\]

Compiling architecture synth of entity xbip_pipe_v3_0_11.xbip_pipe_v3_0_11_viv [\xbip_pipe_v3_0_11_viv(c_has_ce=...]

Compiling architecture rtl of entity floating_point_v7_1_21.delay [\delay(width=27,length=0)\]

Compiling architecture synth of entity floating_point_v7_1_21.align_add_dsp48e1_sgl [\align_add_dsp48e1_sgl(c_xdevice...]

Compiling architecture lut5_v of entity unisim.LUT5 [\LUT5(init="00000000000000001111...]

Compiling architecture lut5_v of entity unisim.LUT5 [\LUT5(init="00000000000000000000...]

Compiling architecture synth of entity xbip_pipe_v3_0_11.xbip_pipe_v3_0_11_viv [\xbip_pipe_v3_0_11_viv(c_latency...]

Compiling architecture rtl of entity floating_point_v7_1_21.delay [\delay(width=27)\]

Compiling architecture synth of entity xbip_pipe_v3_0_11.xbip_pipe_v3_0_11_viv [\xbip_pipe_v3_0_11_viv(c_latency...]

Compiling architecture rtl of entity floating_point_v7_1_21.delay [\delay(width=5)\]

Compiling architecture rtl of entity floating_point_v7_1_21.lead_zero_encode_shift [\lead_zero_encode_shift(ab_fw=24...]

Compiling architecture synth of entity xbip_pipe_v3_0_11.xbip_pipe_v3_0_11_viv [\xbip_pipe_v3_0_11_viv(c_latency...]

Compiling architecture rtl of entity floating_point_v7_1_21.delay [\delay(width=4)\]

Compiling architecture synth of entity xbip_pipe_v3_0_11.xbip_pipe_v3_0_11_viv [\xbip_pipe_v3_0_11_viv(c_latency...]

Compiling architecture rtl of entity floating_point_v7_1_21.delay [\delay(width=3)\]

Compiling architecture lut6_v of entity unisim.LUT6 [\LUT6(init="11111110010101001011...]

Compiling architecture lut5_v of entity unisim.LUT5 [\LUT5(init="00010001010111110000...]

Compiling architecture lut5_v of entity unisim.LUT5 [\LUT5(init="11101110101000001111...]

Compiling architecture synth of entity xbip_pipe_v3_0_11.xbip_pipe_v3_0_11_viv [\xbip_pipe_v3_0_11_viv(c_latency...]

Compiling architecture rtl of entity floating_point_v7_1_21.delay [\delay(width=2,length=2)\]

Compiling architecture dsp48e1_v of entity unisim.DSP48E1 [\DSP48E1(acascreg=2,adreg=0,areg...]

Compiling architecture synth of entity xbip_pipe_v3_0_11.xbip_pipe_v3_0_11_viv [\xbip_pipe_v3_0_11_viv(c_has_ce=...]

Compiling architecture rtl of entity floating_point_v7_1_21.delay [\delay(width=25,length=0)\]

Compiling architecture rtl of entity floating_point_v7_1_21.dsp48e1_wrapper [\dsp48e1_wrapper(a_width=24,c_wi...]

Compiling architecture rtl of entity floating_point_v7_1_21.norm_and_round_dsp48e1_sgl [\norm_and_round_dsp48e1_sgl(c_mu...]

Compiling architecture lut5_v of entity unisim.LUT5 [\LUT5(init="10011001100110011001...]

Compiling architecture lut5_v of entity unisim.LUT5 [\LUT5(init="11111111000000001111...]

Compiling architecture synth of entity xbip_pipe_v3_0_11.xbip_pipe_v3_0_11_viv [\xbip_pipe_v3_0_11_viv(c_has_ce=...]

Compiling architecture rtl of entity floating_point_v7_1_21.delay [\delay(width=9,length=0)\]

Compiling architecture struct of entity floating_point_v7_1_21.carry_chain [\carry_chain(c_xdevicefamily="zy...]

Compiling architecture synth of entity xbip_pipe_v3_0_11.xbip_pipe_v3_0_11_viv [\xbip_pipe_v3_0_11_viv(c_latency...]

Compiling architecture rtl of entity floating_point_v7_1_21.delay [\delay(width=9)\]

Compiling architecture synth of entity xbip_pipe_v3_0_11.xbip_pipe_v3_0_11_viv [\xbip_pipe_v3_0_11_viv(c_latency...]

Compiling architecture rtl of entity floating_point_v7_1_21.delay [\delay(width=9,length=5)\]

Compiling architecture synth of entity xbip_pipe_v3_0_11.xbip_pipe_v3_0_11_viv [\xbip_pipe_v3_0_11_viv(c_latency...]

Compiling architecture rtl of entity floating_point_v7_1_21.delay [\delay(width=10)\]

Compiling architecture synth of entity xbip_pipe_v3_0_11.xbip_pipe_v3_0_11_viv [\xbip_pipe_v3_0_11_viv(c_latency...]

Compiling architecture rtl of entity floating_point_v7_1_21.delay [\delay(width=4,fast_input=true)\]

Compiling architecture struct of entity floating_point_v7_1_21.carry_chain [\carry_chain(c_xdevicefamily="zy...]

Compiling architecture synth of entity floating_point_v7_1_21.compare_gt [\compare_gt(c_xdevicefamily="zyn...]

Compiling architecture synth of entity floating_point_v7_1_21.compare [\compare(c_xdevicefamily="zynqup...]

Compiling architecture synth of entity xbip_pipe_v3_0_11.xbip_pipe_v3_0_11_viv [\xbip_pipe_v3_0_11_viv(c_latency...]

Compiling architecture rtl of entity floating_point_v7_1_21.delay [\delay(width=2,length=8,fast_inp...]

Compiling architecture synth of entity xbip_pipe_v3_0_11.xbip_pipe_v3_0_11_viv [\xbip_pipe_v3_0_11_viv(c_latency...]

Compiling architecture rtl of entity floating_point_v7_1_21.delay [\delay(length=9,fast_input=true)...]

Compiling architecture synth of entity xbip_pipe_v3_0_11.xbip_pipe_v3_0_11_viv [\xbip_pipe_v3_0_11_viv(c_latency...]

Compiling architecture rtl of entity floating_point_v7_1_21.delay [\delay(length=8,fast_input=true)...]

Compiling architecture synth of entity xbip_pipe_v3_0_11.xbip_pipe_v3_0_11_viv [\xbip_pipe_v3_0_11_viv(c_latency...]

Compiling architecture rtl of entity floating_point_v7_1_21.delay [\delay(length=3,fast_input=true)...]

Compiling architecture synth of entity xbip_pipe_v3_0_11.xbip_pipe_v3_0_11_viv [\xbip_pipe_v3_0_11_viv(c_has_ce=...]

Compiling architecture rtl of entity floating_point_v7_1_21.delay [\delay(width=2,length=0,fast_inp...]

Compiling architecture synth of entity xbip_pipe_v3_0_11.xbip_pipe_v3_0_11_viv [\xbip_pipe_v3_0_11_viv(c_latency...]

Compiling architecture rtl of entity floating_point_v7_1_21.delay [\delay(width=12)\]

Compiling architecture rtl of entity floating_point_v7_1_21.flt_add_exp_sp [\flt_add_exp_sp(c_xdevicefamily=...]

Compiling architecture synth of entity xbip_pipe_v3_0_11.xbip_pipe_v3_0_11_viv [\xbip_pipe_v3_0_11_viv(c_latency...]

Compiling architecture rtl of entity floating_point_v7_1_21.delay [\delay(width=23)\]

Compiling architecture synth of entity floating_point_v7_1_21.flt_dec_op [\flt_dec_op(c_xdevicefamily="zyn...]

Compiling architecture rtl of entity floating_point_v7_1_21.flt_add_dsp [\flt_add_dsp(c_xdevicefamily="zy...]

Compiling architecture rtl of entity floating_point_v7_1_21.flt_add [\flt_add(c_xdevicefamily="zynqup...]

Compiling architecture synth of entity xbip_pipe_v3_0_11.xbip_pipe_v3_0_11_viv [\xbip_pipe_v3_0_11_viv(c_latency...]

Compiling architecture xilinx of entity floating_point_v7_1_21.floating_point_v7_1_21_viv [\floating_point_v7_1_21_viv(c_xd...]

Compiling architecture xilinx of entity floating_point_v7_1_21.floating_point_v7_1_21 [\floating_point_v7_1_21(c_xdevic...]

Compiling architecture floating_point_1_arch of entity xil_defaultlib.floating_point_1 [floating_point_1_default]

Compiling module xil_defaultlib.fp32_add_ip

Compiling module xil_defaultlib.cats_r4_qk_32lane_fp32_service(H...

Compiling module xil_defaultlib.cats_r4_qk_32lane_engine(HEAD_DI...

Compiling module xil_defaultlib.fp32_to_bf16

Compiling architecture floating_point_2_arch of entity xil_defaultlib.floating_point_2 [floating_point_2_default]

Compiling module xil_defaultlib.fp32_mul_ip(IP_ID=2)

Compiling module xil_defaultlib.cats_r4_qk_score_formatter(SCALE...

Compiling module xil_defaultlib.cats_r4_qk_row_assembler_default

Compiling module xil_defaultlib.cats_r4_qk_ab_handoff

Compiling module xil_defaultlib.cats_r4_qk_slot_lifecycle

Compiling module xil_defaultlib.cats_r4_qk_row_abort_arbiter

Compiling module xil_defaultlib.cats_r4_qk_row_handoff_wrapper

Compiling module xil_defaultlib.cats_r4_qk_a2_row_pipeline(SCALE...

Compiling module xil_defaultlib.cats_r4_compute_frontend(HEAD_DI...

Compiling module xil_defaultlib.tb_cats_r4_compute_frontend_e2e(...

Compiling module xil_defaultlib.glbl

Built simulation snapshot tb_cats_r4_compute_frontend_e2e_behav

run_program: Time (s): cpu = 00:00:00 ; elapsed = 00:00:49 . Memory (MB): peak = 586.961 ; gain = 0.000
INFO: [USF-XSim-69] 'elaborate' step finished in '48' seconds
INFO: [USF-XSim-4] XSim::Simulate design
INFO: [USF-XSim-61] Executing 'SIMULATE' step in 'C:/Users/zhangxuanhao/AppData/Local/Temp/a_frontend_vivado_1bb77b38/xsim_project/a_frontend_realip_xsim.sim/sim_1/behav/xsim'
INFO: [USF-XSim-98] *** Running xsim
   with args "tb_cats_r4_compute_frontend_e2e_behav -key {Behavioral:sim_1:Functional:tb_cats_r4_compute_frontend_e2e} -tclbatch {tb_cats_r4_compute_frontend_e2e.tcl} -log {simulate.log}"
INFO: [USF-XSim-8] Loading simulator feature
Time resolution is 1 ps
source tb_cats_r4_compute_frontend_e2e.tcl
## set curr_wave [current_wave_config]
## if { [string length $curr_wave] == 0 } {
##   if { [llength [get_objects]] > 0} {
##     add_wave /
##     set_property needs_save false [current_wave_config]
##   } else {
##      send_msg_id Add_Wave-1 WARNING "No top level signals found. Simulator will start without a wave window. If you want to open a wave window go to 'File->New Waveform Configuration' or type 'create_wave_config' in the TCL console."
##   }
## }
## run 1000ns
INFO: [USF-XSim-96] XSim completed. Design snapshot 'tb_cats_r4_compute_frontend_e2e_behav' loaded.
INFO: [USF-XSim-97] XSim simulation ran for 1000ns
launch_simulation: Time (s): cpu = 00:00:00 ; elapsed = 00:01:00 . Memory (MB): peak = 586.961 ; gain = 0.000
# run all
PASS: CATS-R4 frontend end-to-end CLUSTERS=1 jobs=1 rows=16 observed_scores=136 counter_scores=136 aborts=0
$finish called at time : 20006 ns : File "C:/Users/zhangxuanhao/AppData/Local/Temp/a_frontend_vivado_1bb77b38/src/tb/tb_cats_r4_compute_frontend_e2e.sv" Line 580
# close_sim
INFO: xsimkernel Simulation Memory Usage: 114044 KB (Peak: 114044 KB), Simulation CPU Usage: 4593 ms
INFO: [Simtcl 6-16] Simulation closed
# puts "CATS_R4_A_FRONTEND_REALIP_XSIM_PASS"
CATS_R4_A_FRONTEND_REALIP_XSIM_PASS
# close_project
INFO: [Common 17-206] Exiting Vivado at Sun Sep 13 17:59:57 2026...
