Copyright 1986-2019 Xilinx, Inc. All Rights Reserved.
--------------------------------------------------------------------------------------------------------------------------------------------------------------
| Tool Version : Vivado v.2019.2 (win64) Build 2708876 Wed Nov  6 21:40:23 MST 2019
| Date         : Sat Jul 18 15:49:30 2026
| Host         : lhm running 64-bit major release  (build 9200)
| Command      : report_ram_utilization -file C:/lhming/2_Work/4-FPT/FPT_BC_QK_Softmax_PV_Delivery_v5/reports/bc_system_artix7/post_synth_ram_utilization.rpt
| Design       : qk_softmax_pv_system_top
| Device       : xc7a100tcsg324-1
| Speed File   : -1
--------------------------------------------------------------------------------------------------------------------------------------------------------------

RAM Usage Information

Table of Contents
-----------------
1. Summary
2. Memory Description
3. Memory Utilization
4. Memory Performance
5. Block Ram / URAM Memory Power

1. Summary
----------

+--------------------------+------------+-----------+--------+------------+
| Memory Type              | Total Used | Available | Util % | Inferred % |
+--------------------------+------------+-----------+--------+------------+
| URAM                     |          0 |         0 |   0.00 |       0.00 |
| BlockRAM                 |       65.5 |       135 |  48.52 |     100.00 |
|  RAMB36E1                |         64 |           |        |     100.00 |
|  RAMB18E1                |          3 |           |        |     100.00 |
| LUTMs as Distributed RAM |        112 |     19000 |   0.59 |     100.00 |
|  LUTMs as RAM64X1D       |          4 |           |        |     100.00 |
|  LUTMs as RAM64M         |        104 |           |        |     100.00 |
|  LUTMs as RAM128X1D      |          4 |           |        |     100.00 |
+--------------------------+------------+-----------+--------+------------+
*  Each RAMB18 is calculated as 0.5 BlockRAM
**  Detailed reports below cover XPMs and Vivado Synthesis inference


2. Memory Description
---------------------

+----------------------------------------------------------------------------------+------------+------------------+------------------+-------------------------+------------------+-------------------------+
| Memory Name                                                                      | Array Size | Memory Type      | Port A Dimension | Port A Requirement (ns) | Port B Dimension | Port B Requirement (ns) |
+----------------------------------------------------------------------------------+------------+------------------+------------------+-------------------------+------------------+-------------------------+
| u_v_cache/v_mem                                                                  |    2097152 | Single Clock SP  | 65536x32         |                   10.00 | 65536x32         |                   10.00 |
| u_pipeline/u_b_pipeline/u_frontend/u_adapter/u_rowtile_buffer/u_payload_bram/mem |       8704 | Single Clock SDP | 1024x17          |                   10.00 | 1024x17          |                   10.00 |
| u_pipeline/u_c_backend/u_p_buffer/GEN_P_LANE[0].p_mem_lane                       |       4096 | Single Clock SDP | 1024x16          |                   10.00 | 1024x16          |                   10.00 |
| u_pipeline/u_c_backend/u_p_buffer/GEN_P_LANE[1].p_mem_lane                       |       4096 | Single Clock SDP | 1024x16          |                   10.00 | 1024x16          |                   10.00 |
| u_pipeline/u_b_pipeline/u_frontend/u_softmax/score_mem                           |       3072 | Single Clock SDP | 128x24           |                   10.00 | 128x24           |                   10.00 |
| u_pipeline/u_b_pipeline/u_frontend/u_softmax/exp_mem                             |       2048 | Single Clock SDP | 128x16           |                   10.00 | 128x16           |                   10.00 |
| u_pipeline/u_b_pipeline/u_frontend/u_softmax/mask_mem                            |        128 | Single Clock SDP | 128x1            |                   10.00 | 128x1            |                   10.00 |
+----------------------------------------------------------------------------------+------------+------------------+------------------+-------------------------+------------------+-------------------------+


3. Memory Utilization
---------------------

+---------------------------------------------------------------------------------------+------------------+------------------+-----------+----------------+-----------+--------------------+---------+---------------+---------------+---------+---------------+----------------+---------+---------------+---------------+---------+---------------+----------------+-------------+
| Memory Name                                                                           | Port A Dimension | Port B Dimension | Primitive | Available Bits | Used Bits | Bit Utilizaztion % | A Depth | A Depth Avail | A Depth Util% | A Width | A Width Avail | A Width Util % | B Depth | B Depth Avail | B Depth Util% | B Width | B Width Avail | B Width Util % | ECC Enabled |
+---------------------------------------------------------------------------------------+------------------+------------------+-----------+----------------+-----------+--------------------+---------+---------------+---------------+---------+---------------+----------------+---------+---------------+---------------+---------+---------------+----------------+-------------+
| u_v_cache/v_mem                                                                       | 65536x32         | 65536x32         |           |                |           |                    |         |               |               |         |               |                |         |               |               |         |               |                |             |
|  u_v_cache/v_mem_reg_0_0                                                              |  32768x1         |                  | RAMB36E1  |          36864 |     32768 |              88.89 |   32768 |         32768 |        100.00 |       1 |             1 |         100.00 |         |               |               |         |               |                |          No |
|  u_v_cache/v_mem_reg_0_1                                                              |  32768x1         |                  | RAMB36E1  |          36864 |     32768 |              88.89 |   32768 |         32768 |        100.00 |       1 |             1 |         100.00 |         |               |               |         |               |                |          No |
|  u_v_cache/v_mem_reg_0_2                                                              |  32768x1         |                  | RAMB36E1  |          36864 |     32768 |              88.89 |   32768 |         32768 |        100.00 |       1 |             1 |         100.00 |         |               |               |         |               |                |          No |
|  u_v_cache/v_mem_reg_0_3                                                              |  32768x1         |                  | RAMB36E1  |          36864 |     32768 |              88.89 |   32768 |         32768 |        100.00 |       1 |             1 |         100.00 |         |               |               |         |               |                |          No |
|  u_v_cache/v_mem_reg_0_4                                                              |  32768x1         |                  | RAMB36E1  |          36864 |     32768 |              88.89 |   32768 |         32768 |        100.00 |       1 |             1 |         100.00 |         |               |               |         |               |                |          No |
|  u_v_cache/v_mem_reg_0_5                                                              |  32768x1         |                  | RAMB36E1  |          36864 |     32768 |              88.89 |   32768 |         32768 |        100.00 |       1 |             1 |         100.00 |         |               |               |         |               |                |          No |
|  u_v_cache/v_mem_reg_0_6                                                              |  32768x1         |                  | RAMB36E1  |          36864 |     32768 |              88.89 |   32768 |         32768 |        100.00 |       1 |             1 |         100.00 |         |               |               |         |               |                |          No |
|  u_v_cache/v_mem_reg_0_7                                                              |  32768x1         |                  | RAMB36E1  |          36864 |     32768 |              88.89 |   32768 |         32768 |        100.00 |       1 |             1 |         100.00 |         |               |               |         |               |                |          No |
|  u_v_cache/v_mem_reg_0_8                                                              |  32768x1         |                  | RAMB36E1  |          36864 |     32768 |              88.89 |   32768 |         32768 |        100.00 |       1 |             1 |         100.00 |         |               |               |         |               |                |          No |
|  u_v_cache/v_mem_reg_0_9                                                              |  32768x1         |                  | RAMB36E1  |          36864 |     32768 |              88.89 |   32768 |         32768 |        100.00 |       1 |             1 |         100.00 |         |               |               |         |               |                |          No |
|  u_v_cache/v_mem_reg_0_10                                                             |  32768x1         |                  | RAMB36E1  |          36864 |     32768 |              88.89 |   32768 |         32768 |        100.00 |       1 |             1 |         100.00 |         |               |               |         |               |                |          No |
|  u_v_cache/v_mem_reg_0_11                                                             |  32768x1         |                  | RAMB36E1  |          36864 |     32768 |              88.89 |   32768 |         32768 |        100.00 |       1 |             1 |         100.00 |         |               |               |         |               |                |          No |
|  u_v_cache/v_mem_reg_0_12                                                             |  32768x1         |                  | RAMB36E1  |          36864 |     32768 |              88.89 |   32768 |         32768 |        100.00 |       1 |             1 |         100.00 |         |               |               |         |               |                |          No |
|  u_v_cache/v_mem_reg_0_13                                                             |  32768x1         |                  | RAMB36E1  |          36864 |     32768 |              88.89 |   32768 |         32768 |        100.00 |       1 |             1 |         100.00 |         |               |               |         |               |                |          No |
|  u_v_cache/v_mem_reg_0_14                                                             |  32768x1         |                  | RAMB36E1  |          36864 |     32768 |              88.89 |   32768 |         32768 |        100.00 |       1 |             1 |         100.00 |         |               |               |         |               |                |          No |
|  u_v_cache/v_mem_reg_0_15                                                             |  32768x1         |                  | RAMB36E1  |          36864 |     32768 |              88.89 |   32768 |         32768 |        100.00 |       1 |             1 |         100.00 |         |               |               |         |               |                |          No |
|  u_v_cache/v_mem_reg_0_16                                                             |  32768x1         |                  | RAMB36E1  |          36864 |     32768 |              88.89 |   32768 |         32768 |        100.00 |       1 |             1 |         100.00 |         |               |               |         |               |                |          No |
|  u_v_cache/v_mem_reg_0_17                                                             |  32768x1         |                  | RAMB36E1  |          36864 |     32768 |              88.89 |   32768 |         32768 |        100.00 |       1 |             1 |         100.00 |         |               |               |         |               |                |          No |
|  u_v_cache/v_mem_reg_0_18                                                             |  32768x1         |                  | RAMB36E1  |          36864 |     32768 |              88.89 |   32768 |         32768 |        100.00 |       1 |             1 |         100.00 |         |               |               |         |               |                |          No |
|  u_v_cache/v_mem_reg_0_19                                                             |  32768x1         |                  | RAMB36E1  |          36864 |     32768 |              88.89 |   32768 |         32768 |        100.00 |       1 |             1 |         100.00 |         |               |               |         |               |                |          No |
|  u_v_cache/v_mem_reg_0_20                                                             |  32768x1         |                  | RAMB36E1  |          36864 |     32768 |              88.89 |   32768 |         32768 |        100.00 |       1 |             1 |         100.00 |         |               |               |         |               |                |          No |
|  u_v_cache/v_mem_reg_0_21                                                             |  32768x1         |                  | RAMB36E1  |          36864 |     32768 |              88.89 |   32768 |         32768 |        100.00 |       1 |             1 |         100.00 |         |               |               |         |               |                |          No |
|  u_v_cache/v_mem_reg_0_22                                                             |  32768x1         |                  | RAMB36E1  |          36864 |     32768 |              88.89 |   32768 |         32768 |        100.00 |       1 |             1 |         100.00 |         |               |               |         |               |                |          No |
|  u_v_cache/v_mem_reg_0_23                                                             |  32768x1         |                  | RAMB36E1  |          36864 |     32768 |              88.89 |   32768 |         32768 |        100.00 |       1 |             1 |         100.00 |         |               |               |         |               |                |          No |
|  u_v_cache/v_mem_reg_0_24                                                             |  32768x1         |                  | RAMB36E1  |          36864 |     32768 |              88.89 |   32768 |         32768 |        100.00 |       1 |             1 |         100.00 |         |               |               |         |               |                |          No |
|  u_v_cache/v_mem_reg_0_25                                                             |  32768x1         |                  | RAMB36E1  |          36864 |     32768 |              88.89 |   32768 |         32768 |        100.00 |       1 |             1 |         100.00 |         |               |               |         |               |                |          No |
|  u_v_cache/v_mem_reg_0_26                                                             |  32768x1         |                  | RAMB36E1  |          36864 |     32768 |              88.89 |   32768 |         32768 |        100.00 |       1 |             1 |         100.00 |         |               |               |         |               |                |          No |
|  u_v_cache/v_mem_reg_0_27                                                             |  32768x1         |                  | RAMB36E1  |          36864 |     32768 |              88.89 |   32768 |         32768 |        100.00 |       1 |             1 |         100.00 |         |               |               |         |               |                |          No |
|  u_v_cache/v_mem_reg_0_28                                                             |  32768x1         |                  | RAMB36E1  |          36864 |     32768 |              88.89 |   32768 |         32768 |        100.00 |       1 |             1 |         100.00 |         |               |               |         |               |                |          No |
|  u_v_cache/v_mem_reg_0_29                                                             |  32768x1         |                  | RAMB36E1  |          36864 |     32768 |              88.89 |   32768 |         32768 |        100.00 |       1 |             1 |         100.00 |         |               |               |         |               |                |          No |
|  u_v_cache/v_mem_reg_0_30                                                             |  32768x1         |                  | RAMB36E1  |          36864 |     32768 |              88.89 |   32768 |         32768 |        100.00 |       1 |             1 |         100.00 |         |               |               |         |               |                |          No |
|  u_v_cache/v_mem_reg_0_31                                                             |  32768x1         |                  | RAMB36E1  |          36864 |     32768 |              88.89 |   32768 |         32768 |        100.00 |       1 |             1 |         100.00 |         |               |               |         |               |                |          No |
|  u_v_cache/v_mem_reg_1_0                                                              |  32768x1         |  32768x1         | RAMB36E1  |          36864 |     32768 |              88.89 |   32768 |         32768 |        100.00 |       1 |             1 |         100.00 |   32768 |         32768 |        100.00 |       1 |             1 |         100.00 |          No |
|  u_v_cache/v_mem_reg_1_1                                                              |  32768x1         |  32768x1         | RAMB36E1  |          36864 |     32768 |              88.89 |   32768 |         32768 |        100.00 |       1 |             1 |         100.00 |   32768 |         32768 |        100.00 |       1 |             1 |         100.00 |          No |
|  u_v_cache/v_mem_reg_1_2                                                              |  32768x1         |  32768x1         | RAMB36E1  |          36864 |     32768 |              88.89 |   32768 |         32768 |        100.00 |       1 |             1 |         100.00 |   32768 |         32768 |        100.00 |       1 |             1 |         100.00 |          No |
|  u_v_cache/v_mem_reg_1_3                                                              |  32768x1         |  32768x1         | RAMB36E1  |          36864 |     32768 |              88.89 |   32768 |         32768 |        100.00 |       1 |             1 |         100.00 |   32768 |         32768 |        100.00 |       1 |             1 |         100.00 |          No |
|  u_v_cache/v_mem_reg_1_4                                                              |  32768x1         |  32768x1         | RAMB36E1  |          36864 |     32768 |              88.89 |   32768 |         32768 |        100.00 |       1 |             1 |         100.00 |   32768 |         32768 |        100.00 |       1 |             1 |         100.00 |          No |
|  u_v_cache/v_mem_reg_1_5                                                              |  32768x1         |  32768x1         | RAMB36E1  |          36864 |     32768 |              88.89 |   32768 |         32768 |        100.00 |       1 |             1 |         100.00 |   32768 |         32768 |        100.00 |       1 |             1 |         100.00 |          No |
|  u_v_cache/v_mem_reg_1_6                                                              |  32768x1         |  32768x1         | RAMB36E1  |          36864 |     32768 |              88.89 |   32768 |         32768 |        100.00 |       1 |             1 |         100.00 |   32768 |         32768 |        100.00 |       1 |             1 |         100.00 |          No |
|  u_v_cache/v_mem_reg_1_7                                                              |  32768x1         |  32768x1         | RAMB36E1  |          36864 |     32768 |              88.89 |   32768 |         32768 |        100.00 |       1 |             1 |         100.00 |   32768 |         32768 |        100.00 |       1 |             1 |         100.00 |          No |
|  u_v_cache/v_mem_reg_1_8                                                              |  32768x1         |  32768x1         | RAMB36E1  |          36864 |     32768 |              88.89 |   32768 |         32768 |        100.00 |       1 |             1 |         100.00 |   32768 |         32768 |        100.00 |       1 |             1 |         100.00 |          No |
|  u_v_cache/v_mem_reg_1_9                                                              |  32768x1         |  32768x1         | RAMB36E1  |          36864 |     32768 |              88.89 |   32768 |         32768 |        100.00 |       1 |             1 |         100.00 |   32768 |         32768 |        100.00 |       1 |             1 |         100.00 |          No |
|  u_v_cache/v_mem_reg_1_10                                                             |  32768x1         |  32768x1         | RAMB36E1  |          36864 |     32768 |              88.89 |   32768 |         32768 |        100.00 |       1 |             1 |         100.00 |   32768 |         32768 |        100.00 |       1 |             1 |         100.00 |          No |
|  u_v_cache/v_mem_reg_1_11                                                             |  32768x1         |  32768x1         | RAMB36E1  |          36864 |     32768 |              88.89 |   32768 |         32768 |        100.00 |       1 |             1 |         100.00 |   32768 |         32768 |        100.00 |       1 |             1 |         100.00 |          No |
|  u_v_cache/v_mem_reg_1_12                                                             |  32768x1         |  32768x1         | RAMB36E1  |          36864 |     32768 |              88.89 |   32768 |         32768 |        100.00 |       1 |             1 |         100.00 |   32768 |         32768 |        100.00 |       1 |             1 |         100.00 |          No |
|  u_v_cache/v_mem_reg_1_13                                                             |  32768x1         |  32768x1         | RAMB36E1  |          36864 |     32768 |              88.89 |   32768 |         32768 |        100.00 |       1 |             1 |         100.00 |   32768 |         32768 |        100.00 |       1 |             1 |         100.00 |          No |
|  u_v_cache/v_mem_reg_1_14                                                             |  32768x1         |  32768x1         | RAMB36E1  |          36864 |     32768 |              88.89 |   32768 |         32768 |        100.00 |       1 |             1 |         100.00 |   32768 |         32768 |        100.00 |       1 |             1 |         100.00 |          No |
|  u_v_cache/v_mem_reg_1_15                                                             |  32768x1         |  32768x1         | RAMB36E1  |          36864 |     32768 |              88.89 |   32768 |         32768 |        100.00 |       1 |             1 |         100.00 |   32768 |         32768 |        100.00 |       1 |             1 |         100.00 |          No |
|  u_v_cache/v_mem_reg_1_16                                                             |  32768x1         |  32768x1         | RAMB36E1  |          36864 |     32768 |              88.89 |   32768 |         32768 |        100.00 |       1 |             1 |         100.00 |   32768 |         32768 |        100.00 |       1 |             1 |         100.00 |          No |
|  u_v_cache/v_mem_reg_1_17                                                             |  32768x1         |  32768x1         | RAMB36E1  |          36864 |     32768 |              88.89 |   32768 |         32768 |        100.00 |       1 |             1 |         100.00 |   32768 |         32768 |        100.00 |       1 |             1 |         100.00 |          No |
|  u_v_cache/v_mem_reg_1_18                                                             |  32768x1         |  32768x1         | RAMB36E1  |          36864 |     32768 |              88.89 |   32768 |         32768 |        100.00 |       1 |             1 |         100.00 |   32768 |         32768 |        100.00 |       1 |             1 |         100.00 |          No |
|  u_v_cache/v_mem_reg_1_19                                                             |  32768x1         |  32768x1         | RAMB36E1  |          36864 |     32768 |              88.89 |   32768 |         32768 |        100.00 |       1 |             1 |         100.00 |   32768 |         32768 |        100.00 |       1 |             1 |         100.00 |          No |
|  u_v_cache/v_mem_reg_1_20                                                             |  32768x1         |  32768x1         | RAMB36E1  |          36864 |     32768 |              88.89 |   32768 |         32768 |        100.00 |       1 |             1 |         100.00 |   32768 |         32768 |        100.00 |       1 |             1 |         100.00 |          No |
|  u_v_cache/v_mem_reg_1_21                                                             |  32768x1         |  32768x1         | RAMB36E1  |          36864 |     32768 |              88.89 |   32768 |         32768 |        100.00 |       1 |             1 |         100.00 |   32768 |         32768 |        100.00 |       1 |             1 |         100.00 |          No |
|  u_v_cache/v_mem_reg_1_22                                                             |  32768x1         |  32768x1         | RAMB36E1  |          36864 |     32768 |              88.89 |   32768 |         32768 |        100.00 |       1 |             1 |         100.00 |   32768 |         32768 |        100.00 |       1 |             1 |         100.00 |          No |
|  u_v_cache/v_mem_reg_1_23                                                             |  32768x1         |  32768x1         | RAMB36E1  |          36864 |     32768 |              88.89 |   32768 |         32768 |        100.00 |       1 |             1 |         100.00 |   32768 |         32768 |        100.00 |       1 |             1 |         100.00 |          No |
|  u_v_cache/v_mem_reg_1_24                                                             |  32768x1         |  32768x1         | RAMB36E1  |          36864 |     32768 |              88.89 |   32768 |         32768 |        100.00 |       1 |             1 |         100.00 |   32768 |         32768 |        100.00 |       1 |             1 |         100.00 |          No |
|  u_v_cache/v_mem_reg_1_25                                                             |  32768x1         |  32768x1         | RAMB36E1  |          36864 |     32768 |              88.89 |   32768 |         32768 |        100.00 |       1 |             1 |         100.00 |   32768 |         32768 |        100.00 |       1 |             1 |         100.00 |          No |
|  u_v_cache/v_mem_reg_1_26                                                             |  32768x1         |  32768x1         | RAMB36E1  |          36864 |     32768 |              88.89 |   32768 |         32768 |        100.00 |       1 |             1 |         100.00 |   32768 |         32768 |        100.00 |       1 |             1 |         100.00 |          No |
|  u_v_cache/v_mem_reg_1_27                                                             |  32768x1         |  32768x1         | RAMB36E1  |          36864 |     32768 |              88.89 |   32768 |         32768 |        100.00 |       1 |             1 |         100.00 |   32768 |         32768 |        100.00 |       1 |             1 |         100.00 |          No |
|  u_v_cache/v_mem_reg_1_28                                                             |  32768x1         |  32768x1         | RAMB36E1  |          36864 |     32768 |              88.89 |   32768 |         32768 |        100.00 |       1 |             1 |         100.00 |   32768 |         32768 |        100.00 |       1 |             1 |         100.00 |          No |
|  u_v_cache/v_mem_reg_1_29                                                             |  32768x1         |  32768x1         | RAMB36E1  |          36864 |     32768 |              88.89 |   32768 |         32768 |        100.00 |       1 |             1 |         100.00 |   32768 |         32768 |        100.00 |       1 |             1 |         100.00 |          No |
|  u_v_cache/v_mem_reg_1_30                                                             |  32768x1         |  32768x1         | RAMB36E1  |          36864 |     32768 |              88.89 |   32768 |         32768 |        100.00 |       1 |             1 |         100.00 |   32768 |         32768 |        100.00 |       1 |             1 |         100.00 |          No |
|  u_v_cache/v_mem_reg_1_31                                                             |  32768x1         |  32768x1         | RAMB36E1  |          36864 |     32768 |              88.89 |   32768 |         32768 |        100.00 |       1 |             1 |         100.00 |   32768 |         32768 |        100.00 |       1 |             1 |         100.00 |          No |
| u_pipeline/u_b_pipeline/u_frontend/u_adapter/u_rowtile_buffer/u_payload_bram/mem      | 1024x17          | 1024x17          |           |                |           |                    |         |               |               |         |               |                |         |               |               |         |               |                |             |
|  u_pipeline/u_b_pipeline/u_frontend/u_adapter/u_rowtile_buffer/u_payload_bram/mem_reg |  1024x17         |  1024x17         | RAMB18E1  |          18432 |      8704 |              47.22 |     512 |          1024 |         50.00 |      17 |            18 |          94.44 |     512 |          1024 |         50.00 |      17 |            18 |          94.44 |          No |
| u_pipeline/u_c_backend/u_p_buffer/GEN_P_LANE[0].p_mem_lane                            | 1024x16          | 1024x16          |           |                |           |                    |         |               |               |         |               |                |         |               |               |         |               |                |             |
|  u_pipeline/u_c_backend/u_p_buffer/GEN_P_LANE[0].p_mem_lane_reg                       |  1024x16         |  1024x16         | RAMB18E1  |          18432 |      4096 |              22.22 |     256 |          1024 |         25.00 |      15 |            18 |          83.33 |     256 |          1024 |         25.00 |      16 |            18 |          88.89 |          No |
| u_pipeline/u_c_backend/u_p_buffer/GEN_P_LANE[1].p_mem_lane                            | 1024x16          | 1024x16          |           |                |           |                    |         |               |               |         |               |                |         |               |               |         |               |                |             |
|  u_pipeline/u_c_backend/u_p_buffer/GEN_P_LANE[1].p_mem_lane_reg                       |  1024x16         |  1024x16         | RAMB18E1  |          18432 |      4096 |              22.22 |     256 |          1024 |         25.00 |      15 |            18 |          83.33 |     256 |          1024 |         25.00 |      16 |            18 |          88.89 |          No |
| u_pipeline/u_b_pipeline/u_frontend/u_softmax/score_mem                                | 128x24           | 128x24           |           |                |           |                    |         |               |               |         |               |                |         |               |               |         |               |                |             |
|  u_pipeline/u_b_pipeline/u_frontend/u_softmax/score_mem_reg_0_63_0_2                  |  64x3            |  64x3            | RAM64M    |            192 |       192 |             100.00 |      64 |            64 |        100.00 |       3 |             3 |         100.00 |      64 |            64 |        100.00 |       3 |             3 |         100.00 |             |
|  u_pipeline/u_b_pipeline/u_frontend/u_softmax/score_mem_reg_0_63_3_5                  |  64x3            |  64x3            | RAM64M    |            192 |       192 |             100.00 |      64 |            64 |        100.00 |       3 |             3 |         100.00 |      64 |            64 |        100.00 |       3 |             3 |         100.00 |             |
|  u_pipeline/u_b_pipeline/u_frontend/u_softmax/score_mem_reg_0_63_6_8                  |  64x3            |  64x3            | RAM64M    |            192 |       192 |             100.00 |      64 |            64 |        100.00 |       3 |             3 |         100.00 |      64 |            64 |        100.00 |       3 |             3 |         100.00 |             |
|  u_pipeline/u_b_pipeline/u_frontend/u_softmax/score_mem_reg_0_63_9_11                 |  64x3            |  64x3            | RAM64M    |            192 |       192 |             100.00 |      64 |            64 |        100.00 |       3 |             3 |         100.00 |      64 |            64 |        100.00 |       3 |             3 |         100.00 |             |
|  u_pipeline/u_b_pipeline/u_frontend/u_softmax/score_mem_reg_0_63_12_14                |  64x3            |  64x3            | RAM64M    |            192 |       192 |             100.00 |      64 |            64 |        100.00 |       3 |             3 |         100.00 |      64 |            64 |        100.00 |       3 |             3 |         100.00 |             |
|  u_pipeline/u_b_pipeline/u_frontend/u_softmax/score_mem_reg_0_63_15_17                |  64x3            |  64x3            | RAM64M    |            192 |       192 |             100.00 |      64 |            64 |        100.00 |       3 |             3 |         100.00 |      64 |            64 |        100.00 |       3 |             3 |         100.00 |             |
|  u_pipeline/u_b_pipeline/u_frontend/u_softmax/score_mem_reg_0_63_18_20                |  64x3            |  64x3            | RAM64M    |            192 |       192 |             100.00 |      64 |            64 |        100.00 |       3 |             3 |         100.00 |      64 |            64 |        100.00 |       3 |             3 |         100.00 |             |
|  u_pipeline/u_b_pipeline/u_frontend/u_softmax/score_mem_reg_0_63_21_23                |  64x3            |  64x3            | RAM64M    |            192 |       192 |             100.00 |      64 |            64 |        100.00 |       3 |             3 |         100.00 |      64 |            64 |        100.00 |       3 |             3 |         100.00 |             |
|  u_pipeline/u_b_pipeline/u_frontend/u_softmax/score_mem_reg_64_127_0_2                |  64x3            |  64x3            | RAM64M    |            192 |       192 |             100.00 |      64 |            64 |        100.00 |       3 |             3 |         100.00 |      64 |            64 |        100.00 |       3 |             3 |         100.00 |             |
|  u_pipeline/u_b_pipeline/u_frontend/u_softmax/score_mem_reg_64_127_3_5                |  64x3            |  64x3            | RAM64M    |            192 |       192 |             100.00 |      64 |            64 |        100.00 |       3 |             3 |         100.00 |      64 |            64 |        100.00 |       3 |             3 |         100.00 |             |
|  u_pipeline/u_b_pipeline/u_frontend/u_softmax/score_mem_reg_64_127_6_8                |  64x3            |  64x3            | RAM64M    |            192 |       192 |             100.00 |      64 |            64 |        100.00 |       3 |             3 |         100.00 |      64 |            64 |        100.00 |       3 |             3 |         100.00 |             |
|  u_pipeline/u_b_pipeline/u_frontend/u_softmax/score_mem_reg_64_127_9_11               |  64x3            |  64x3            | RAM64M    |            192 |       192 |             100.00 |      64 |            64 |        100.00 |       3 |             3 |         100.00 |      64 |            64 |        100.00 |       3 |             3 |         100.00 |             |
|  u_pipeline/u_b_pipeline/u_frontend/u_softmax/score_mem_reg_64_127_12_14              |  64x3            |  64x3            | RAM64M    |            192 |       192 |             100.00 |      64 |            64 |        100.00 |       3 |             3 |         100.00 |      64 |            64 |        100.00 |       3 |             3 |         100.00 |             |
|  u_pipeline/u_b_pipeline/u_frontend/u_softmax/score_mem_reg_64_127_15_17              |  64x3            |  64x3            | RAM64M    |            192 |       192 |             100.00 |      64 |            64 |        100.00 |       3 |             3 |         100.00 |      64 |            64 |        100.00 |       3 |             3 |         100.00 |             |
|  u_pipeline/u_b_pipeline/u_frontend/u_softmax/score_mem_reg_64_127_18_20              |  64x3            |  64x3            | RAM64M    |            192 |       192 |             100.00 |      64 |            64 |        100.00 |       3 |             3 |         100.00 |      64 |            64 |        100.00 |       3 |             3 |         100.00 |             |
|  u_pipeline/u_b_pipeline/u_frontend/u_softmax/score_mem_reg_64_127_21_23              |  64x3            |  64x3            | RAM64M    |            192 |       192 |             100.00 |      64 |            64 |        100.00 |       3 |             3 |         100.00 |      64 |            64 |        100.00 |       3 |             3 |         100.00 |             |
| u_pipeline/u_b_pipeline/u_frontend/u_softmax/exp_mem                                  | 128x16           | 128x16           |           |                |           |                    |         |               |               |         |               |                |         |               |               |         |               |                |             |
|  u_pipeline/u_b_pipeline/u_frontend/u_softmax/exp_mem_reg_0_63_0_2                    |  64x3            |  64x3            | RAM64M    |            192 |       192 |             100.00 |      64 |            64 |        100.00 |       3 |             3 |         100.00 |      64 |            64 |        100.00 |       3 |             3 |         100.00 |             |
|  u_pipeline/u_b_pipeline/u_frontend/u_softmax/exp_mem_reg_0_63_3_5                    |  64x3            |  64x3            | RAM64M    |            192 |       192 |             100.00 |      64 |            64 |        100.00 |       3 |             3 |         100.00 |      64 |            64 |        100.00 |       3 |             3 |         100.00 |             |
|  u_pipeline/u_b_pipeline/u_frontend/u_softmax/exp_mem_reg_0_63_6_8                    |  64x3            |  64x3            | RAM64M    |            192 |       192 |             100.00 |      64 |            64 |        100.00 |       3 |             3 |         100.00 |      64 |            64 |        100.00 |       3 |             3 |         100.00 |             |
|  u_pipeline/u_b_pipeline/u_frontend/u_softmax/exp_mem_reg_0_63_9_11                   |  64x3            |  64x3            | RAM64M    |            192 |       192 |             100.00 |      64 |            64 |        100.00 |       3 |             3 |         100.00 |      64 |            64 |        100.00 |       3 |             3 |         100.00 |             |
|  u_pipeline/u_b_pipeline/u_frontend/u_softmax/exp_mem_reg_0_63_12_14                  |  64x3            |  64x3            | RAM64M    |            192 |       192 |             100.00 |      64 |            64 |        100.00 |       3 |             3 |         100.00 |      64 |            64 |        100.00 |       3 |             3 |         100.00 |             |
|  u_pipeline/u_b_pipeline/u_frontend/u_softmax/exp_mem_reg_0_63_15_15                  |  64x1            |  64x1            | RAM64X1D  |             64 |        64 |             100.00 |      64 |            64 |        100.00 |       1 |             1 |         100.00 |      64 |            64 |        100.00 |       1 |             1 |         100.00 |             |
|  u_pipeline/u_b_pipeline/u_frontend/u_softmax/exp_mem_reg_64_127_0_2                  |  64x3            |  64x3            | RAM64M    |            192 |       192 |             100.00 |      64 |            64 |        100.00 |       3 |             3 |         100.00 |      64 |            64 |        100.00 |       3 |             3 |         100.00 |             |
|  u_pipeline/u_b_pipeline/u_frontend/u_softmax/exp_mem_reg_64_127_3_5                  |  64x3            |  64x3            | RAM64M    |            192 |       192 |             100.00 |      64 |            64 |        100.00 |       3 |             3 |         100.00 |      64 |            64 |        100.00 |       3 |             3 |         100.00 |             |
|  u_pipeline/u_b_pipeline/u_frontend/u_softmax/exp_mem_reg_64_127_6_8                  |  64x3            |  64x3            | RAM64M    |            192 |       192 |             100.00 |      64 |            64 |        100.00 |       3 |             3 |         100.00 |      64 |            64 |        100.00 |       3 |             3 |         100.00 |             |
|  u_pipeline/u_b_pipeline/u_frontend/u_softmax/exp_mem_reg_64_127_9_11                 |  64x3            |  64x3            | RAM64M    |            192 |       192 |             100.00 |      64 |            64 |        100.00 |       3 |             3 |         100.00 |      64 |            64 |        100.00 |       3 |             3 |         100.00 |             |
|  u_pipeline/u_b_pipeline/u_frontend/u_softmax/exp_mem_reg_64_127_12_14                |  64x3            |  64x3            | RAM64M    |            192 |       192 |             100.00 |      64 |            64 |        100.00 |       3 |             3 |         100.00 |      64 |            64 |        100.00 |       3 |             3 |         100.00 |             |
|  u_pipeline/u_b_pipeline/u_frontend/u_softmax/exp_mem_reg_64_127_15_15                |  64x1            |  64x1            | RAM64X1D  |             64 |        64 |             100.00 |      64 |            64 |        100.00 |       1 |             1 |         100.00 |      64 |            64 |        100.00 |       1 |             1 |         100.00 |             |
| u_pipeline/u_b_pipeline/u_frontend/u_softmax/mask_mem                                 | 128x1            | 128x1            |           |                |           |                    |         |               |               |         |               |                |         |               |               |         |               |                |             |
|  u_pipeline/u_b_pipeline/u_frontend/u_softmax/mask_mem_reg_0_127_0_0                  |  128x1           |  128x1           | RAM128X1D |            128 |       128 |             100.00 |     128 |           128 |        100.00 |       1 |             1 |         100.00 |     128 |           128 |        100.00 |       1 |             1 |         100.00 |             |
+---------------------------------------------------------------------------------------+------------------+------------------+-----------+----------------+-----------+--------------------+---------+---------------+---------------+---------+---------------+----------------+---------+---------------+---------------+---------+---------------+----------------+-------------+


4. Memory Performance
---------------------

+---------------------------------------------------------------------------------------+-----------+------------------+-------------------------+------------------+-------------------------+-----------+--------+--------+---------+-----------+--------+--------+---------+
| Memory Name                                                                           | Primitive | Port A Dimension | Port A Requirement (ns) | Port B Dimension | Port B Requirement (ns) | A Cascade | IREG_A | OREG_A | DOA_REG | B Cascade | IREG_B | OREG_B | DOB_REG |
+---------------------------------------------------------------------------------------+-----------+------------------+-------------------------+------------------+-------------------------+-----------+--------+--------+---------+-----------+--------+--------+---------+
| u_v_cache/v_mem                                                                       |           |         65536x32 |                         |         65536x32 |                         |           |        |        |         |           |        |        |         |
|  u_v_cache/v_mem_reg_0_0                                                              | RAMB36E1  |          32768x1 |                   10.00 |                  |                         |           |        |        |       0 |           |        |        |         |
|  u_v_cache/v_mem_reg_0_1                                                              | RAMB36E1  |          32768x1 |                   10.00 |                  |                         |           |        |        |       0 |           |        |        |         |
|  u_v_cache/v_mem_reg_0_2                                                              | RAMB36E1  |          32768x1 |                   10.00 |                  |                         |           |        |        |       0 |           |        |        |         |
|  u_v_cache/v_mem_reg_0_3                                                              | RAMB36E1  |          32768x1 |                   10.00 |                  |                         |           |        |        |       0 |           |        |        |         |
|  u_v_cache/v_mem_reg_0_4                                                              | RAMB36E1  |          32768x1 |                   10.00 |                  |                         |           |        |        |       0 |           |        |        |         |
|  u_v_cache/v_mem_reg_0_5                                                              | RAMB36E1  |          32768x1 |                   10.00 |                  |                         |           |        |        |       0 |           |        |        |         |
|  u_v_cache/v_mem_reg_0_6                                                              | RAMB36E1  |          32768x1 |                   10.00 |                  |                         |           |        |        |       0 |           |        |        |         |
|  u_v_cache/v_mem_reg_0_7                                                              | RAMB36E1  |          32768x1 |                   10.00 |                  |                         |           |        |        |       0 |           |        |        |         |
|  u_v_cache/v_mem_reg_0_8                                                              | RAMB36E1  |          32768x1 |                   10.00 |                  |                         |           |        |        |       0 |           |        |        |         |
|  u_v_cache/v_mem_reg_0_9                                                              | RAMB36E1  |          32768x1 |                   10.00 |                  |                         |           |        |        |       0 |           |        |        |         |
|  u_v_cache/v_mem_reg_0_10                                                             | RAMB36E1  |          32768x1 |                   10.00 |                  |                         |           |        |        |       0 |           |        |        |         |
|  u_v_cache/v_mem_reg_0_11                                                             | RAMB36E1  |          32768x1 |                   10.00 |                  |                         |           |        |        |       0 |           |        |        |         |
|  u_v_cache/v_mem_reg_0_12                                                             | RAMB36E1  |          32768x1 |                   10.00 |                  |                         |           |        |        |       0 |           |        |        |         |
|  u_v_cache/v_mem_reg_0_13                                                             | RAMB36E1  |          32768x1 |                   10.00 |                  |                         |           |        |        |       0 |           |        |        |         |
|  u_v_cache/v_mem_reg_0_14                                                             | RAMB36E1  |          32768x1 |                   10.00 |                  |                         |           |        |        |       0 |           |        |        |         |
|  u_v_cache/v_mem_reg_0_15                                                             | RAMB36E1  |          32768x1 |                   10.00 |                  |                         |           |        |        |       0 |           |        |        |         |
|  u_v_cache/v_mem_reg_0_16                                                             | RAMB36E1  |          32768x1 |                   10.00 |                  |                         |           |        |        |       0 |           |        |        |         |
|  u_v_cache/v_mem_reg_0_17                                                             | RAMB36E1  |          32768x1 |                   10.00 |                  |                         |           |        |        |       0 |           |        |        |         |
|  u_v_cache/v_mem_reg_0_18                                                             | RAMB36E1  |          32768x1 |                   10.00 |                  |                         |           |        |        |       0 |           |        |        |         |
|  u_v_cache/v_mem_reg_0_19                                                             | RAMB36E1  |          32768x1 |                   10.00 |                  |                         |           |        |        |       0 |           |        |        |         |
|  u_v_cache/v_mem_reg_0_20                                                             | RAMB36E1  |          32768x1 |                   10.00 |                  |                         |           |        |        |       0 |           |        |        |         |
|  u_v_cache/v_mem_reg_0_21                                                             | RAMB36E1  |          32768x1 |                   10.00 |                  |                         |           |        |        |       0 |           |        |        |         |
|  u_v_cache/v_mem_reg_0_22                                                             | RAMB36E1  |          32768x1 |                   10.00 |                  |                         |           |        |        |       0 |           |        |        |         |
|  u_v_cache/v_mem_reg_0_23                                                             | RAMB36E1  |          32768x1 |                   10.00 |                  |                         |           |        |        |       0 |           |        |        |         |
|  u_v_cache/v_mem_reg_0_24                                                             | RAMB36E1  |          32768x1 |                   10.00 |                  |                         |           |        |        |       0 |           |        |        |         |
|  u_v_cache/v_mem_reg_0_25                                                             | RAMB36E1  |          32768x1 |                   10.00 |                  |                         |           |        |        |       0 |           |        |        |         |
|  u_v_cache/v_mem_reg_0_26                                                             | RAMB36E1  |          32768x1 |                   10.00 |                  |                         |           |        |        |       0 |           |        |        |         |
|  u_v_cache/v_mem_reg_0_27                                                             | RAMB36E1  |          32768x1 |                   10.00 |                  |                         |           |        |        |       0 |           |        |        |         |
|  u_v_cache/v_mem_reg_0_28                                                             | RAMB36E1  |          32768x1 |                   10.00 |                  |                         |           |        |        |       0 |           |        |        |         |
|  u_v_cache/v_mem_reg_0_29                                                             | RAMB36E1  |          32768x1 |                   10.00 |                  |                         |           |        |        |       0 |           |        |        |         |
|  u_v_cache/v_mem_reg_0_30                                                             | RAMB36E1  |          32768x1 |                   10.00 |                  |                         |           |        |        |       0 |           |        |        |         |
|  u_v_cache/v_mem_reg_0_31                                                             | RAMB36E1  |          32768x1 |                   10.00 |                  |                         |           |        |        |       0 |           |        |        |         |
|  u_v_cache/v_mem_reg_1_0                                                              | RAMB36E1  |          32768x1 |                   10.00 |          32768x1 |                   10.00 |           |        |        |       0 |           |        |        |       0 |
|  u_v_cache/v_mem_reg_1_1                                                              | RAMB36E1  |          32768x1 |                   10.00 |          32768x1 |                   10.00 |           |        |        |       0 |           |        |        |       0 |
|  u_v_cache/v_mem_reg_1_2                                                              | RAMB36E1  |          32768x1 |                   10.00 |          32768x1 |                   10.00 |           |        |        |       0 |           |        |        |       0 |
|  u_v_cache/v_mem_reg_1_3                                                              | RAMB36E1  |          32768x1 |                   10.00 |          32768x1 |                   10.00 |           |        |        |       0 |           |        |        |       0 |
|  u_v_cache/v_mem_reg_1_4                                                              | RAMB36E1  |          32768x1 |                   10.00 |          32768x1 |                   10.00 |           |        |        |       0 |           |        |        |       0 |
|  u_v_cache/v_mem_reg_1_5                                                              | RAMB36E1  |          32768x1 |                   10.00 |          32768x1 |                   10.00 |           |        |        |       0 |           |        |        |       0 |
|  u_v_cache/v_mem_reg_1_6                                                              | RAMB36E1  |          32768x1 |                   10.00 |          32768x1 |                   10.00 |           |        |        |       0 |           |        |        |       0 |
|  u_v_cache/v_mem_reg_1_7                                                              | RAMB36E1  |          32768x1 |                   10.00 |          32768x1 |                   10.00 |           |        |        |       0 |           |        |        |       0 |
|  u_v_cache/v_mem_reg_1_8                                                              | RAMB36E1  |          32768x1 |                   10.00 |          32768x1 |                   10.00 |           |        |        |       0 |           |        |        |       0 |
|  u_v_cache/v_mem_reg_1_9                                                              | RAMB36E1  |          32768x1 |                   10.00 |          32768x1 |                   10.00 |           |        |        |       0 |           |        |        |       0 |
|  u_v_cache/v_mem_reg_1_10                                                             | RAMB36E1  |          32768x1 |                   10.00 |          32768x1 |                   10.00 |           |        |        |       0 |           |        |        |       0 |
|  u_v_cache/v_mem_reg_1_11                                                             | RAMB36E1  |          32768x1 |                   10.00 |          32768x1 |                   10.00 |           |        |        |       0 |           |        |        |       0 |
|  u_v_cache/v_mem_reg_1_12                                                             | RAMB36E1  |          32768x1 |                   10.00 |          32768x1 |                   10.00 |           |        |        |       0 |           |        |        |       0 |
|  u_v_cache/v_mem_reg_1_13                                                             | RAMB36E1  |          32768x1 |                   10.00 |          32768x1 |                   10.00 |           |        |        |       0 |           |        |        |       0 |
|  u_v_cache/v_mem_reg_1_14                                                             | RAMB36E1  |          32768x1 |                   10.00 |          32768x1 |                   10.00 |           |        |        |       0 |           |        |        |       0 |
|  u_v_cache/v_mem_reg_1_15                                                             | RAMB36E1  |          32768x1 |                   10.00 |          32768x1 |                   10.00 |           |        |        |       0 |           |        |        |       0 |
|  u_v_cache/v_mem_reg_1_16                                                             | RAMB36E1  |          32768x1 |                   10.00 |          32768x1 |                   10.00 |           |        |        |       0 |           |        |        |       0 |
|  u_v_cache/v_mem_reg_1_17                                                             | RAMB36E1  |          32768x1 |                   10.00 |          32768x1 |                   10.00 |           |        |        |       0 |           |        |        |       0 |
|  u_v_cache/v_mem_reg_1_18                                                             | RAMB36E1  |          32768x1 |                   10.00 |          32768x1 |                   10.00 |           |        |        |       0 |           |        |        |       0 |
|  u_v_cache/v_mem_reg_1_19                                                             | RAMB36E1  |          32768x1 |                   10.00 |          32768x1 |                   10.00 |           |        |        |       0 |           |        |        |       0 |
|  u_v_cache/v_mem_reg_1_20                                                             | RAMB36E1  |          32768x1 |                   10.00 |          32768x1 |                   10.00 |           |        |        |       0 |           |        |        |       0 |
|  u_v_cache/v_mem_reg_1_21                                                             | RAMB36E1  |          32768x1 |                   10.00 |          32768x1 |                   10.00 |           |        |        |       0 |           |        |        |       0 |
|  u_v_cache/v_mem_reg_1_22                                                             | RAMB36E1  |          32768x1 |                   10.00 |          32768x1 |                   10.00 |           |        |        |       0 |           |        |        |       0 |
|  u_v_cache/v_mem_reg_1_23                                                             | RAMB36E1  |          32768x1 |                   10.00 |          32768x1 |                   10.00 |           |        |        |       0 |           |        |        |       0 |
|  u_v_cache/v_mem_reg_1_24                                                             | RAMB36E1  |          32768x1 |                   10.00 |          32768x1 |                   10.00 |           |        |        |       0 |           |        |        |       0 |
|  u_v_cache/v_mem_reg_1_25                                                             | RAMB36E1  |          32768x1 |                   10.00 |          32768x1 |                   10.00 |           |        |        |       0 |           |        |        |       0 |
|  u_v_cache/v_mem_reg_1_26                                                             | RAMB36E1  |          32768x1 |                   10.00 |          32768x1 |                   10.00 |           |        |        |       0 |           |        |        |       0 |
|  u_v_cache/v_mem_reg_1_27                                                             | RAMB36E1  |          32768x1 |                   10.00 |          32768x1 |                   10.00 |           |        |        |       0 |           |        |        |       0 |
|  u_v_cache/v_mem_reg_1_28                                                             | RAMB36E1  |          32768x1 |                   10.00 |          32768x1 |                   10.00 |           |        |        |       0 |           |        |        |       0 |
|  u_v_cache/v_mem_reg_1_29                                                             | RAMB36E1  |          32768x1 |                   10.00 |          32768x1 |                   10.00 |           |        |        |       0 |           |        |        |       0 |
|  u_v_cache/v_mem_reg_1_30                                                             | RAMB36E1  |          32768x1 |                   10.00 |          32768x1 |                   10.00 |           |        |        |       0 |           |        |        |       0 |
|  u_v_cache/v_mem_reg_1_31                                                             | RAMB36E1  |          32768x1 |                   10.00 |          32768x1 |                   10.00 |           |        |        |       0 |           |        |        |       0 |
| u_pipeline/u_b_pipeline/u_frontend/u_adapter/u_rowtile_buffer/u_payload_bram/mem      |           |          1024x17 |                         |          1024x17 |                         |           |        |        |         |           |        |        |         |
|  u_pipeline/u_b_pipeline/u_frontend/u_adapter/u_rowtile_buffer/u_payload_bram/mem_reg | RAMB18E1  |          1024x17 |                   10.00 |          1024x17 |                   10.00 |           |        |        |       0 |           |        |        |       0 |
| u_pipeline/u_c_backend/u_p_buffer/GEN_P_LANE[0].p_mem_lane                            |           |          1024x16 |                         |          1024x16 |                         |           |        |        |         |           |        |        |         |
|  u_pipeline/u_c_backend/u_p_buffer/GEN_P_LANE[0].p_mem_lane_reg                       | RAMB18E1  |          1024x16 |                   10.00 |          1024x16 |                   10.00 |           |        |        |       0 |           |        |        |       0 |
| u_pipeline/u_c_backend/u_p_buffer/GEN_P_LANE[1].p_mem_lane                            |           |          1024x16 |                         |          1024x16 |                         |           |        |        |         |           |        |        |         |
|  u_pipeline/u_c_backend/u_p_buffer/GEN_P_LANE[1].p_mem_lane_reg                       | RAMB18E1  |          1024x16 |                   10.00 |          1024x16 |                   10.00 |           |        |        |       0 |           |        |        |       0 |
| u_pipeline/u_b_pipeline/u_frontend/u_softmax/score_mem                                |           |           128x24 |                         |           128x24 |                         |           |        |        |         |           |        |        |         |
|  u_pipeline/u_b_pipeline/u_frontend/u_softmax/score_mem_reg_0_63_0_2                  | RAM64M    |             64x3 |                   10.00 |             64x3 |                   10.00 |           |        |        |         |           |        |        |         |
|  u_pipeline/u_b_pipeline/u_frontend/u_softmax/score_mem_reg_0_63_3_5                  | RAM64M    |             64x3 |                   10.00 |             64x3 |                   10.00 |           |        |        |         |           |        |        |         |
|  u_pipeline/u_b_pipeline/u_frontend/u_softmax/score_mem_reg_0_63_6_8                  | RAM64M    |             64x3 |                   10.00 |             64x3 |                   10.00 |           |        |        |         |           |        |        |         |
|  u_pipeline/u_b_pipeline/u_frontend/u_softmax/score_mem_reg_0_63_9_11                 | RAM64M    |             64x3 |                   10.00 |             64x3 |                   10.00 |           |        |        |         |           |        |        |         |
|  u_pipeline/u_b_pipeline/u_frontend/u_softmax/score_mem_reg_0_63_12_14                | RAM64M    |             64x3 |                   10.00 |             64x3 |                   10.00 |           |        |        |         |           |        |        |         |
|  u_pipeline/u_b_pipeline/u_frontend/u_softmax/score_mem_reg_0_63_15_17                | RAM64M    |             64x3 |                   10.00 |             64x3 |                   10.00 |           |        |        |         |           |        |        |         |
|  u_pipeline/u_b_pipeline/u_frontend/u_softmax/score_mem_reg_0_63_18_20                | RAM64M    |             64x3 |                   10.00 |             64x3 |                   10.00 |           |        |        |         |           |        |        |         |
|  u_pipeline/u_b_pipeline/u_frontend/u_softmax/score_mem_reg_0_63_21_23                | RAM64M    |             64x3 |                   10.00 |             64x3 |                   10.00 |           |        |        |         |           |        |        |         |
|  u_pipeline/u_b_pipeline/u_frontend/u_softmax/score_mem_reg_64_127_0_2                | RAM64M    |             64x3 |                   10.00 |             64x3 |                   10.00 |           |        |        |         |           |        |        |         |
|  u_pipeline/u_b_pipeline/u_frontend/u_softmax/score_mem_reg_64_127_3_5                | RAM64M    |             64x3 |                   10.00 |             64x3 |                   10.00 |           |        |        |         |           |        |        |         |
|  u_pipeline/u_b_pipeline/u_frontend/u_softmax/score_mem_reg_64_127_6_8                | RAM64M    |             64x3 |                   10.00 |             64x3 |                   10.00 |           |        |        |         |           |        |        |         |
|  u_pipeline/u_b_pipeline/u_frontend/u_softmax/score_mem_reg_64_127_9_11               | RAM64M    |             64x3 |                   10.00 |             64x3 |                   10.00 |           |        |        |         |           |        |        |         |
|  u_pipeline/u_b_pipeline/u_frontend/u_softmax/score_mem_reg_64_127_12_14              | RAM64M    |             64x3 |                   10.00 |             64x3 |                   10.00 |           |        |        |         |           |        |        |         |
|  u_pipeline/u_b_pipeline/u_frontend/u_softmax/score_mem_reg_64_127_15_17              | RAM64M    |             64x3 |                   10.00 |             64x3 |                   10.00 |           |        |        |         |           |        |        |         |
|  u_pipeline/u_b_pipeline/u_frontend/u_softmax/score_mem_reg_64_127_18_20              | RAM64M    |             64x3 |                   10.00 |             64x3 |                   10.00 |           |        |        |         |           |        |        |         |
|  u_pipeline/u_b_pipeline/u_frontend/u_softmax/score_mem_reg_64_127_21_23              | RAM64M    |             64x3 |                   10.00 |             64x3 |                   10.00 |           |        |        |         |           |        |        |         |
| u_pipeline/u_b_pipeline/u_frontend/u_softmax/exp_mem                                  |           |           128x16 |                         |           128x16 |                         |           |        |        |         |           |        |        |         |
|  u_pipeline/u_b_pipeline/u_frontend/u_softmax/exp_mem_reg_0_63_0_2                    | RAM64M    |             64x3 |                   10.00 |             64x3 |                   10.00 |           |        |        |         |           |        |        |         |
|  u_pipeline/u_b_pipeline/u_frontend/u_softmax/exp_mem_reg_0_63_3_5                    | RAM64M    |             64x3 |                   10.00 |             64x3 |                   10.00 |           |        |        |         |           |        |        |         |
|  u_pipeline/u_b_pipeline/u_frontend/u_softmax/exp_mem_reg_0_63_6_8                    | RAM64M    |             64x3 |                   10.00 |             64x3 |                   10.00 |           |        |        |         |           |        |        |         |
|  u_pipeline/u_b_pipeline/u_frontend/u_softmax/exp_mem_reg_0_63_9_11                   | RAM64M    |             64x3 |                   10.00 |             64x3 |                   10.00 |           |        |        |         |           |        |        |         |
|  u_pipeline/u_b_pipeline/u_frontend/u_softmax/exp_mem_reg_0_63_12_14                  | RAM64M    |             64x3 |                   10.00 |             64x3 |                   10.00 |           |        |        |         |           |        |        |         |
|  u_pipeline/u_b_pipeline/u_frontend/u_softmax/exp_mem_reg_0_63_15_15                  | RAM64X1D  |             64x1 |                   10.00 |             64x1 |                   10.00 |           |        |        |         |           |        |        |         |
|  u_pipeline/u_b_pipeline/u_frontend/u_softmax/exp_mem_reg_64_127_0_2                  | RAM64M    |             64x3 |                   10.00 |             64x3 |                   10.00 |           |        |        |         |           |        |        |         |
|  u_pipeline/u_b_pipeline/u_frontend/u_softmax/exp_mem_reg_64_127_3_5                  | RAM64M    |             64x3 |                   10.00 |             64x3 |                   10.00 |           |        |        |         |           |        |        |         |
|  u_pipeline/u_b_pipeline/u_frontend/u_softmax/exp_mem_reg_64_127_6_8                  | RAM64M    |             64x3 |                   10.00 |             64x3 |                   10.00 |           |        |        |         |           |        |        |         |
|  u_pipeline/u_b_pipeline/u_frontend/u_softmax/exp_mem_reg_64_127_9_11                 | RAM64M    |             64x3 |                   10.00 |             64x3 |                   10.00 |           |        |        |         |           |        |        |         |
|  u_pipeline/u_b_pipeline/u_frontend/u_softmax/exp_mem_reg_64_127_12_14                | RAM64M    |             64x3 |                   10.00 |             64x3 |                   10.00 |           |        |        |         |           |        |        |         |
|  u_pipeline/u_b_pipeline/u_frontend/u_softmax/exp_mem_reg_64_127_15_15                | RAM64X1D  |             64x1 |                   10.00 |             64x1 |                   10.00 |           |        |        |         |           |        |        |         |
| u_pipeline/u_b_pipeline/u_frontend/u_softmax/mask_mem                                 |           |            128x1 |                         |            128x1 |                         |           |        |        |         |           |        |        |         |
|  u_pipeline/u_b_pipeline/u_frontend/u_softmax/mask_mem_reg_0_127_0_0                  | RAM128X1D |            128x1 |                   10.00 |            128x1 |                   10.00 |           |        |        |         |           |        |        |         |
+---------------------------------------------------------------------------------------+-----------+------------------+-------------------------+------------------+-------------------------+-----------+--------+--------+---------+-----------+--------+--------+---------+


5. Block Ram / URAM Memory Power
--------------------------------

+---------------------------------------------------------------------------------------+-----------+-------------+------------------+---------------+-------------------+-----------+------------------+---------------+-------------------+-----------+
| Memory Name                                                                           | Primitive | Power Gated | Port A Dimension | Port A Enable | Port A WRITE_MODE | A Cascade | Port B Dimension | Port B Enable | Port B WRITE_MODE | B Cascade |
+---------------------------------------------------------------------------------------+-----------+-------------+------------------+---------------+-------------------+-----------+------------------+---------------+-------------------+-----------+
| u_v_cache/v_mem                                                                       |           |             |         65536x32 |               |                   |           |         65536x32 |               |                   |           |
|  u_v_cache/v_mem_reg_0_0                                                              | RAMB36E1  |             |          32768x1 |        SIGNAL |        READ_FIRST |           |                  |               |                   |           |
|  u_v_cache/v_mem_reg_0_1                                                              | RAMB36E1  |             |          32768x1 |        SIGNAL |        READ_FIRST |           |                  |               |                   |           |
|  u_v_cache/v_mem_reg_0_2                                                              | RAMB36E1  |             |          32768x1 |        SIGNAL |        READ_FIRST |           |                  |               |                   |           |
|  u_v_cache/v_mem_reg_0_3                                                              | RAMB36E1  |             |          32768x1 |        SIGNAL |        READ_FIRST |           |                  |               |                   |           |
|  u_v_cache/v_mem_reg_0_4                                                              | RAMB36E1  |             |          32768x1 |        SIGNAL |        READ_FIRST |           |                  |               |                   |           |
|  u_v_cache/v_mem_reg_0_5                                                              | RAMB36E1  |             |          32768x1 |        SIGNAL |        READ_FIRST |           |                  |               |                   |           |
|  u_v_cache/v_mem_reg_0_6                                                              | RAMB36E1  |             |          32768x1 |        SIGNAL |        READ_FIRST |           |                  |               |                   |           |
|  u_v_cache/v_mem_reg_0_7                                                              | RAMB36E1  |             |          32768x1 |        SIGNAL |        READ_FIRST |           |                  |               |                   |           |
|  u_v_cache/v_mem_reg_0_8                                                              | RAMB36E1  |             |          32768x1 |        SIGNAL |        READ_FIRST |           |                  |               |                   |           |
|  u_v_cache/v_mem_reg_0_9                                                              | RAMB36E1  |             |          32768x1 |        SIGNAL |        READ_FIRST |           |                  |               |                   |           |
|  u_v_cache/v_mem_reg_0_10                                                             | RAMB36E1  |             |          32768x1 |        SIGNAL |        READ_FIRST |           |                  |               |                   |           |
|  u_v_cache/v_mem_reg_0_11                                                             | RAMB36E1  |             |          32768x1 |        SIGNAL |        READ_FIRST |           |                  |               |                   |           |
|  u_v_cache/v_mem_reg_0_12                                                             | RAMB36E1  |             |          32768x1 |        SIGNAL |        READ_FIRST |           |                  |               |                   |           |
|  u_v_cache/v_mem_reg_0_13                                                             | RAMB36E1  |             |          32768x1 |        SIGNAL |        READ_FIRST |           |                  |               |                   |           |
|  u_v_cache/v_mem_reg_0_14                                                             | RAMB36E1  |             |          32768x1 |        SIGNAL |        READ_FIRST |           |                  |               |                   |           |
|  u_v_cache/v_mem_reg_0_15                                                             | RAMB36E1  |             |          32768x1 |        SIGNAL |        READ_FIRST |           |                  |               |                   |           |
|  u_v_cache/v_mem_reg_0_16                                                             | RAMB36E1  |             |          32768x1 |        SIGNAL |        READ_FIRST |           |                  |               |                   |           |
|  u_v_cache/v_mem_reg_0_17                                                             | RAMB36E1  |             |          32768x1 |        SIGNAL |        READ_FIRST |           |                  |               |                   |           |
|  u_v_cache/v_mem_reg_0_18                                                             | RAMB36E1  |             |          32768x1 |        SIGNAL |        READ_FIRST |           |                  |               |                   |           |
|  u_v_cache/v_mem_reg_0_19                                                             | RAMB36E1  |             |          32768x1 |        SIGNAL |        READ_FIRST |           |                  |               |                   |           |
|  u_v_cache/v_mem_reg_0_20                                                             | RAMB36E1  |             |          32768x1 |        SIGNAL |        READ_FIRST |           |                  |               |                   |           |
|  u_v_cache/v_mem_reg_0_21                                                             | RAMB36E1  |             |          32768x1 |        SIGNAL |        READ_FIRST |           |                  |               |                   |           |
|  u_v_cache/v_mem_reg_0_22                                                             | RAMB36E1  |             |          32768x1 |        SIGNAL |        READ_FIRST |           |                  |               |                   |           |
|  u_v_cache/v_mem_reg_0_23                                                             | RAMB36E1  |             |          32768x1 |        SIGNAL |        READ_FIRST |           |                  |               |                   |           |
|  u_v_cache/v_mem_reg_0_24                                                             | RAMB36E1  |             |          32768x1 |        SIGNAL |        READ_FIRST |           |                  |               |                   |           |
|  u_v_cache/v_mem_reg_0_25                                                             | RAMB36E1  |             |          32768x1 |        SIGNAL |        READ_FIRST |           |                  |               |                   |           |
|  u_v_cache/v_mem_reg_0_26                                                             | RAMB36E1  |             |          32768x1 |        SIGNAL |        READ_FIRST |           |                  |               |                   |           |
|  u_v_cache/v_mem_reg_0_27                                                             | RAMB36E1  |             |          32768x1 |        SIGNAL |        READ_FIRST |           |                  |               |                   |           |
|  u_v_cache/v_mem_reg_0_28                                                             | RAMB36E1  |             |          32768x1 |        SIGNAL |        READ_FIRST |           |                  |               |                   |           |
|  u_v_cache/v_mem_reg_0_29                                                             | RAMB36E1  |             |          32768x1 |        SIGNAL |        READ_FIRST |           |                  |               |                   |           |
|  u_v_cache/v_mem_reg_0_30                                                             | RAMB36E1  |             |          32768x1 |        SIGNAL |        READ_FIRST |           |                  |               |                   |           |
|  u_v_cache/v_mem_reg_0_31                                                             | RAMB36E1  |             |          32768x1 |        SIGNAL |        READ_FIRST |           |                  |               |                   |           |
|  u_v_cache/v_mem_reg_1_0                                                              | RAMB36E1  |             |          32768x1 |        SIGNAL |        READ_FIRST |           |          32768x1 |        SIGNAL |       WRITE_FIRST |           |
|  u_v_cache/v_mem_reg_1_1                                                              | RAMB36E1  |             |          32768x1 |        SIGNAL |        READ_FIRST |           |          32768x1 |        SIGNAL |       WRITE_FIRST |           |
|  u_v_cache/v_mem_reg_1_2                                                              | RAMB36E1  |             |          32768x1 |        SIGNAL |        READ_FIRST |           |          32768x1 |        SIGNAL |       WRITE_FIRST |           |
|  u_v_cache/v_mem_reg_1_3                                                              | RAMB36E1  |             |          32768x1 |        SIGNAL |        READ_FIRST |           |          32768x1 |        SIGNAL |       WRITE_FIRST |           |
|  u_v_cache/v_mem_reg_1_4                                                              | RAMB36E1  |             |          32768x1 |        SIGNAL |        READ_FIRST |           |          32768x1 |        SIGNAL |       WRITE_FIRST |           |
|  u_v_cache/v_mem_reg_1_5                                                              | RAMB36E1  |             |          32768x1 |        SIGNAL |        READ_FIRST |           |          32768x1 |        SIGNAL |       WRITE_FIRST |           |
|  u_v_cache/v_mem_reg_1_6                                                              | RAMB36E1  |             |          32768x1 |        SIGNAL |        READ_FIRST |           |          32768x1 |        SIGNAL |       WRITE_FIRST |           |
|  u_v_cache/v_mem_reg_1_7                                                              | RAMB36E1  |             |          32768x1 |        SIGNAL |        READ_FIRST |           |          32768x1 |        SIGNAL |       WRITE_FIRST |           |
|  u_v_cache/v_mem_reg_1_8                                                              | RAMB36E1  |             |          32768x1 |        SIGNAL |        READ_FIRST |           |          32768x1 |        SIGNAL |       WRITE_FIRST |           |
|  u_v_cache/v_mem_reg_1_9                                                              | RAMB36E1  |             |          32768x1 |        SIGNAL |        READ_FIRST |           |          32768x1 |        SIGNAL |       WRITE_FIRST |           |
|  u_v_cache/v_mem_reg_1_10                                                             | RAMB36E1  |             |          32768x1 |        SIGNAL |        READ_FIRST |           |          32768x1 |        SIGNAL |       WRITE_FIRST |           |
|  u_v_cache/v_mem_reg_1_11                                                             | RAMB36E1  |             |          32768x1 |        SIGNAL |        READ_FIRST |           |          32768x1 |        SIGNAL |       WRITE_FIRST |           |
|  u_v_cache/v_mem_reg_1_12                                                             | RAMB36E1  |             |          32768x1 |        SIGNAL |        READ_FIRST |           |          32768x1 |        SIGNAL |       WRITE_FIRST |           |
|  u_v_cache/v_mem_reg_1_13                                                             | RAMB36E1  |             |          32768x1 |        SIGNAL |        READ_FIRST |           |          32768x1 |        SIGNAL |       WRITE_FIRST |           |
|  u_v_cache/v_mem_reg_1_14                                                             | RAMB36E1  |             |          32768x1 |        SIGNAL |        READ_FIRST |           |          32768x1 |        SIGNAL |       WRITE_FIRST |           |
|  u_v_cache/v_mem_reg_1_15                                                             | RAMB36E1  |             |          32768x1 |        SIGNAL |        READ_FIRST |           |          32768x1 |        SIGNAL |       WRITE_FIRST |           |
|  u_v_cache/v_mem_reg_1_16                                                             | RAMB36E1  |             |          32768x1 |        SIGNAL |        READ_FIRST |           |          32768x1 |        SIGNAL |       WRITE_FIRST |           |
|  u_v_cache/v_mem_reg_1_17                                                             | RAMB36E1  |             |          32768x1 |        SIGNAL |        READ_FIRST |           |          32768x1 |        SIGNAL |       WRITE_FIRST |           |
|  u_v_cache/v_mem_reg_1_18                                                             | RAMB36E1  |             |          32768x1 |        SIGNAL |        READ_FIRST |           |          32768x1 |        SIGNAL |       WRITE_FIRST |           |
|  u_v_cache/v_mem_reg_1_19                                                             | RAMB36E1  |             |          32768x1 |        SIGNAL |        READ_FIRST |           |          32768x1 |        SIGNAL |       WRITE_FIRST |           |
|  u_v_cache/v_mem_reg_1_20                                                             | RAMB36E1  |             |          32768x1 |        SIGNAL |        READ_FIRST |           |          32768x1 |        SIGNAL |       WRITE_FIRST |           |
|  u_v_cache/v_mem_reg_1_21                                                             | RAMB36E1  |             |          32768x1 |        SIGNAL |        READ_FIRST |           |          32768x1 |        SIGNAL |       WRITE_FIRST |           |
|  u_v_cache/v_mem_reg_1_22                                                             | RAMB36E1  |             |          32768x1 |        SIGNAL |        READ_FIRST |           |          32768x1 |        SIGNAL |       WRITE_FIRST |           |
|  u_v_cache/v_mem_reg_1_23                                                             | RAMB36E1  |             |          32768x1 |        SIGNAL |        READ_FIRST |           |          32768x1 |        SIGNAL |       WRITE_FIRST |           |
|  u_v_cache/v_mem_reg_1_24                                                             | RAMB36E1  |             |          32768x1 |        SIGNAL |        READ_FIRST |           |          32768x1 |        SIGNAL |       WRITE_FIRST |           |
|  u_v_cache/v_mem_reg_1_25                                                             | RAMB36E1  |             |          32768x1 |        SIGNAL |        READ_FIRST |           |          32768x1 |        SIGNAL |       WRITE_FIRST |           |
|  u_v_cache/v_mem_reg_1_26                                                             | RAMB36E1  |             |          32768x1 |        SIGNAL |        READ_FIRST |           |          32768x1 |        SIGNAL |       WRITE_FIRST |           |
|  u_v_cache/v_mem_reg_1_27                                                             | RAMB36E1  |             |          32768x1 |        SIGNAL |        READ_FIRST |           |          32768x1 |        SIGNAL |       WRITE_FIRST |           |
|  u_v_cache/v_mem_reg_1_28                                                             | RAMB36E1  |             |          32768x1 |        SIGNAL |        READ_FIRST |           |          32768x1 |        SIGNAL |       WRITE_FIRST |           |
|  u_v_cache/v_mem_reg_1_29                                                             | RAMB36E1  |             |          32768x1 |        SIGNAL |        READ_FIRST |           |          32768x1 |        SIGNAL |       WRITE_FIRST |           |
|  u_v_cache/v_mem_reg_1_30                                                             | RAMB36E1  |             |          32768x1 |        SIGNAL |        READ_FIRST |           |          32768x1 |        SIGNAL |       WRITE_FIRST |           |
|  u_v_cache/v_mem_reg_1_31                                                             | RAMB36E1  |             |          32768x1 |        SIGNAL |        READ_FIRST |           |          32768x1 |        SIGNAL |       WRITE_FIRST |           |
| u_pipeline/u_b_pipeline/u_frontend/u_adapter/u_rowtile_buffer/u_payload_bram/mem      |           |             |          1024x17 |               |                   |           |          1024x17 |               |                   |           |
|  u_pipeline/u_b_pipeline/u_frontend/u_adapter/u_rowtile_buffer/u_payload_bram/mem_reg | RAMB18E1  |             |          1024x17 |        SIGNAL |        READ_FIRST |           |          1024x17 |        SIGNAL |       WRITE_FIRST |           |
| u_pipeline/u_c_backend/u_p_buffer/GEN_P_LANE[0].p_mem_lane                            |           |             |          1024x16 |               |                   |           |          1024x16 |               |                   |           |
|  u_pipeline/u_c_backend/u_p_buffer/GEN_P_LANE[0].p_mem_lane_reg                       | RAMB18E1  |             |          1024x16 |        SIGNAL |        READ_FIRST |           |          1024x16 |        SIGNAL |       WRITE_FIRST |           |
| u_pipeline/u_c_backend/u_p_buffer/GEN_P_LANE[1].p_mem_lane                            |           |             |          1024x16 |               |                   |           |          1024x16 |               |                   |           |
|  u_pipeline/u_c_backend/u_p_buffer/GEN_P_LANE[1].p_mem_lane_reg                       | RAMB18E1  |             |          1024x16 |        SIGNAL |        READ_FIRST |           |          1024x16 |        SIGNAL |       WRITE_FIRST |           |
+---------------------------------------------------------------------------------------+-----------+-------------+------------------+---------------+-------------------+-----------+------------------+---------------+-------------------+-----------+


