Copyright 1986-2022 Xilinx, Inc. All Rights Reserved. Copyright 2022-2025 Advanced Micro Devices, Inc. All Rights Reserved.
---------------------------------------------------------------------------------------------------------------------------------------------
| Tool Version : Vivado v.2025.2 (win64) Build 6299465 Fri Nov 14 19:35:11 GMT 2025
| Date         : Fri Sep 11 10:45:21 2026
| Host         : zhangxuanhao running 64-bit major release  (build 9200)
| Command      : report_methodology -file X:/artifacts/b2_shared_ooc_pipe_20260911_103436/methodology.rpt
| Design       : cats_r4_b2_shared_stager_v3_wrapper
| Device       : xczu15eg-ffvb1156-2-i
| Speed File   : -2
| Design State : Synthesized
---------------------------------------------------------------------------------------------------------------------------------------------

Report Methodology

Table of Contents
-----------------
1. REPORT SUMMARY
2. REPORT DETAILS

1. REPORT SUMMARY
-----------------
            Netlist: cats_r4_b2_shared_stager_v3_wrapper
          Floorplan: design_1
      Design limits: <entire design considered>
             Max checks: <unlimited>
             Checks found: 117
+-----------+----------+------------------------------+--------+
| Rule      | Severity | Description                  | Checks |
+-----------+----------+------------------------------+--------+
| DPIR-2    | Warning  | Asynchronous driver check    | 11     |
| LUTAR-1   | Warning  | LUT drives async reset alert | 1      |
| TIMING-16 | Warning  | Large setup violation        | 105    |
+-----------+----------+------------------------------+--------+

2. REPORT DETAILS
-----------------
DPIR-2#1 Warning
Asynchronous driver check  
DSP u_accuracy/u_exp/interpolated2 input pin u_accuracy/u_exp/interpolated2/B[0] is connected to registers with an asynchronous reset. This is preventing the possibility of merging these registers in to the DSP Block since the DSP block registers only possess synchronous reset capability.  It is suggested to recode or change these registers to remove the reset or use a synchronous reset to get the best optimization for performance, power and area.
Related violations: <none>

DPIR-2#2 Warning
Asynchronous driver check  
DSP u_accuracy/u_exp/interpolated2 input pin u_accuracy/u_exp/interpolated2/B[10] is connected to registers with an asynchronous reset. This is preventing the possibility of merging these registers in to the DSP Block since the DSP block registers only possess synchronous reset capability.  It is suggested to recode or change these registers to remove the reset or use a synchronous reset to get the best optimization for performance, power and area.
Related violations: <none>

DPIR-2#3 Warning
Asynchronous driver check  
DSP u_accuracy/u_exp/interpolated2 input pin u_accuracy/u_exp/interpolated2/B[1] is connected to registers with an asynchronous reset. This is preventing the possibility of merging these registers in to the DSP Block since the DSP block registers only possess synchronous reset capability.  It is suggested to recode or change these registers to remove the reset or use a synchronous reset to get the best optimization for performance, power and area.
Related violations: <none>

DPIR-2#4 Warning
Asynchronous driver check  
DSP u_accuracy/u_exp/interpolated2 input pin u_accuracy/u_exp/interpolated2/B[2] is connected to registers with an asynchronous reset. This is preventing the possibility of merging these registers in to the DSP Block since the DSP block registers only possess synchronous reset capability.  It is suggested to recode or change these registers to remove the reset or use a synchronous reset to get the best optimization for performance, power and area.
Related violations: <none>

DPIR-2#5 Warning
Asynchronous driver check  
DSP u_accuracy/u_exp/interpolated2 input pin u_accuracy/u_exp/interpolated2/B[3] is connected to registers with an asynchronous reset. This is preventing the possibility of merging these registers in to the DSP Block since the DSP block registers only possess synchronous reset capability.  It is suggested to recode or change these registers to remove the reset or use a synchronous reset to get the best optimization for performance, power and area.
Related violations: <none>

DPIR-2#6 Warning
Asynchronous driver check  
DSP u_accuracy/u_exp/interpolated2 input pin u_accuracy/u_exp/interpolated2/B[4] is connected to registers with an asynchronous reset. This is preventing the possibility of merging these registers in to the DSP Block since the DSP block registers only possess synchronous reset capability.  It is suggested to recode or change these registers to remove the reset or use a synchronous reset to get the best optimization for performance, power and area.
Related violations: <none>

DPIR-2#7 Warning
Asynchronous driver check  
DSP u_accuracy/u_exp/interpolated2 input pin u_accuracy/u_exp/interpolated2/B[5] is connected to registers with an asynchronous reset. This is preventing the possibility of merging these registers in to the DSP Block since the DSP block registers only possess synchronous reset capability.  It is suggested to recode or change these registers to remove the reset or use a synchronous reset to get the best optimization for performance, power and area.
Related violations: <none>

DPIR-2#8 Warning
Asynchronous driver check  
DSP u_accuracy/u_exp/interpolated2 input pin u_accuracy/u_exp/interpolated2/B[6] is connected to registers with an asynchronous reset. This is preventing the possibility of merging these registers in to the DSP Block since the DSP block registers only possess synchronous reset capability.  It is suggested to recode or change these registers to remove the reset or use a synchronous reset to get the best optimization for performance, power and area.
Related violations: <none>

DPIR-2#9 Warning
Asynchronous driver check  
DSP u_accuracy/u_exp/interpolated2 input pin u_accuracy/u_exp/interpolated2/B[7] is connected to registers with an asynchronous reset. This is preventing the possibility of merging these registers in to the DSP Block since the DSP block registers only possess synchronous reset capability.  It is suggested to recode or change these registers to remove the reset or use a synchronous reset to get the best optimization for performance, power and area.
Related violations: <none>

DPIR-2#10 Warning
Asynchronous driver check  
DSP u_accuracy/u_exp/interpolated2 input pin u_accuracy/u_exp/interpolated2/B[8] is connected to registers with an asynchronous reset. This is preventing the possibility of merging these registers in to the DSP Block since the DSP block registers only possess synchronous reset capability.  It is suggested to recode or change these registers to remove the reset or use a synchronous reset to get the best optimization for performance, power and area.
Related violations: <none>

DPIR-2#11 Warning
Asynchronous driver check  
DSP u_accuracy/u_exp/interpolated2 input pin u_accuracy/u_exp/interpolated2/B[9] is connected to registers with an asynchronous reset. This is preventing the possibility of merging these registers in to the DSP Block since the DSP block registers only possess synchronous reset capability.  It is suggested to recode or change these registers to remove the reset or use a synchronous reset to get the best optimization for performance, power and area.
Related violations: <none>

LUTAR-1#1 Warning
LUT drives async reset alert  
LUT cell u_stager/stage_weight_accept[63]_i_3, with 2 or more inputs, drives asynchronous preset/clear pin(s) u_stager/error_sticky_reg/CLR, u_stager/protocol_error_count_reg[0]/CLR,
u_stager/protocol_error_count_reg[10]/CLR,
u_stager/protocol_error_count_reg[11]/CLR,
u_stager/protocol_error_count_reg[12]/CLR,
u_stager/protocol_error_count_reg[1]/CLR,
u_stager/protocol_error_count_reg[2]/CLR,
u_stager/protocol_error_count_reg[3]/CLR,
u_stager/protocol_error_count_reg[4]/CLR,
u_stager/protocol_error_count_reg[5]/CLR,
u_stager/protocol_error_count_reg[6]/CLR,
u_stager/protocol_error_count_reg[7]/CLR,
u_stager/protocol_error_count_reg[8]/CLR,
u_stager/protocol_error_count_reg[9]/CLR,
u_stager/release_reject_seen_reg/CLR (the first 15 of 514 listed). The LUT may glitch and trigger an unexpected reset, even if it is a properly timed path.
Related violations: <none>

TIMING-16#1 Warning
Large setup violation  
There is a large setup violation of -1.010 ns between score_bf16[10] (clocked by core_clk) and u_compatibility/u_core/ctx_sum_q15_reg[0][6]/D (clocked by core_clk). Large setup violations at the end of those stages might be difficult to fix during the post-placement implementation flow and could be the result of non-optimal XDC constraints or non-optimal design architecture
Related violations: <none>

TIMING-16#2 Warning
Large setup violation  
There is a large setup violation of -1.010 ns between score_bf16[10] (clocked by core_clk) and u_compatibility/u_core/ctx_sum_q15_reg[1][6]/D (clocked by core_clk). Large setup violations at the end of those stages might be difficult to fix during the post-placement implementation flow and could be the result of non-optimal XDC constraints or non-optimal design architecture
Related violations: <none>

TIMING-16#3 Warning
Large setup violation  
There is a large setup violation of -1.010 ns between score_bf16[10] (clocked by core_clk) and u_compatibility/u_core/ctx_sum_q15_reg[2][6]/D (clocked by core_clk). Large setup violations at the end of those stages might be difficult to fix during the post-placement implementation flow and could be the result of non-optimal XDC constraints or non-optimal design architecture
Related violations: <none>

TIMING-16#4 Warning
Large setup violation  
There is a large setup violation of -1.010 ns between score_bf16[10] (clocked by core_clk) and u_compatibility/u_core/ctx_sum_q15_reg[3][6]/D (clocked by core_clk). Large setup violations at the end of those stages might be difficult to fix during the post-placement implementation flow and could be the result of non-optimal XDC constraints or non-optimal design architecture
Related violations: <none>

TIMING-16#5 Warning
Large setup violation  
There is a large setup violation of -1.022 ns between score_bf16[10] (clocked by core_clk) and u_compatibility/u_core/ctx_sum_q15_reg[0][19]/D (clocked by core_clk). Large setup violations at the end of those stages might be difficult to fix during the post-placement implementation flow and could be the result of non-optimal XDC constraints or non-optimal design architecture
Related violations: <none>

TIMING-16#6 Warning
Large setup violation  
There is a large setup violation of -1.022 ns between score_bf16[10] (clocked by core_clk) and u_compatibility/u_core/ctx_sum_q15_reg[1][19]/D (clocked by core_clk). Large setup violations at the end of those stages might be difficult to fix during the post-placement implementation flow and could be the result of non-optimal XDC constraints or non-optimal design architecture
Related violations: <none>

TIMING-16#7 Warning
Large setup violation  
There is a large setup violation of -1.022 ns between score_bf16[10] (clocked by core_clk) and u_compatibility/u_core/ctx_sum_q15_reg[2][19]/D (clocked by core_clk). Large setup violations at the end of those stages might be difficult to fix during the post-placement implementation flow and could be the result of non-optimal XDC constraints or non-optimal design architecture
Related violations: <none>

TIMING-16#8 Warning
Large setup violation  
There is a large setup violation of -1.022 ns between score_bf16[10] (clocked by core_clk) and u_compatibility/u_core/ctx_sum_q15_reg[3][19]/D (clocked by core_clk). Large setup violations at the end of those stages might be difficult to fix during the post-placement implementation flow and could be the result of non-optimal XDC constraints or non-optimal design architecture
Related violations: <none>

TIMING-16#9 Warning
Large setup violation  
There is a large setup violation of -1.026 ns between score_bf16[10] (clocked by core_clk) and u_compatibility/u_core/ctx_sum_q15_reg[0][7]/D (clocked by core_clk). Large setup violations at the end of those stages might be difficult to fix during the post-placement implementation flow and could be the result of non-optimal XDC constraints or non-optimal design architecture
Related violations: <none>

TIMING-16#10 Warning
Large setup violation  
There is a large setup violation of -1.026 ns between score_bf16[10] (clocked by core_clk) and u_compatibility/u_core/ctx_sum_q15_reg[1][7]/D (clocked by core_clk). Large setup violations at the end of those stages might be difficult to fix during the post-placement implementation flow and could be the result of non-optimal XDC constraints or non-optimal design architecture
Related violations: <none>

TIMING-16#11 Warning
Large setup violation  
There is a large setup violation of -1.026 ns between score_bf16[10] (clocked by core_clk) and u_compatibility/u_core/ctx_sum_q15_reg[2][7]/D (clocked by core_clk). Large setup violations at the end of those stages might be difficult to fix during the post-placement implementation flow and could be the result of non-optimal XDC constraints or non-optimal design architecture
Related violations: <none>

TIMING-16#12 Warning
Large setup violation  
There is a large setup violation of -1.026 ns between score_bf16[10] (clocked by core_clk) and u_compatibility/u_core/ctx_sum_q15_reg[3][7]/D (clocked by core_clk). Large setup violations at the end of those stages might be difficult to fix during the post-placement implementation flow and could be the result of non-optimal XDC constraints or non-optimal design architecture
Related violations: <none>

TIMING-16#13 Warning
Large setup violation  
There is a large setup violation of -1.036 ns between score_bf16[10] (clocked by core_clk) and u_compatibility/u_core/ctx_sum_q15_reg[0][9]/D (clocked by core_clk). Large setup violations at the end of those stages might be difficult to fix during the post-placement implementation flow and could be the result of non-optimal XDC constraints or non-optimal design architecture
Related violations: <none>

TIMING-16#14 Warning
Large setup violation  
There is a large setup violation of -1.036 ns between score_bf16[10] (clocked by core_clk) and u_compatibility/u_core/ctx_sum_q15_reg[1][9]/D (clocked by core_clk). Large setup violations at the end of those stages might be difficult to fix during the post-placement implementation flow and could be the result of non-optimal XDC constraints or non-optimal design architecture
Related violations: <none>

TIMING-16#15 Warning
Large setup violation  
There is a large setup violation of -1.036 ns between score_bf16[10] (clocked by core_clk) and u_compatibility/u_core/ctx_sum_q15_reg[2][9]/D (clocked by core_clk). Large setup violations at the end of those stages might be difficult to fix during the post-placement implementation flow and could be the result of non-optimal XDC constraints or non-optimal design architecture
Related violations: <none>

TIMING-16#16 Warning
Large setup violation  
There is a large setup violation of -1.036 ns between score_bf16[10] (clocked by core_clk) and u_compatibility/u_core/ctx_sum_q15_reg[3][9]/D (clocked by core_clk). Large setup violations at the end of those stages might be difficult to fix during the post-placement implementation flow and could be the result of non-optimal XDC constraints or non-optimal design architecture
Related violations: <none>

TIMING-16#17 Warning
Large setup violation  
There is a large setup violation of -1.040 ns between score_bf16[10] (clocked by core_clk) and u_compatibility/u_core/ctx_sum_q15_reg[0][4]/D (clocked by core_clk). Large setup violations at the end of those stages might be difficult to fix during the post-placement implementation flow and could be the result of non-optimal XDC constraints or non-optimal design architecture
Related violations: <none>

TIMING-16#18 Warning
Large setup violation  
There is a large setup violation of -1.040 ns between score_bf16[10] (clocked by core_clk) and u_compatibility/u_core/ctx_sum_q15_reg[1][4]/D (clocked by core_clk). Large setup violations at the end of those stages might be difficult to fix during the post-placement implementation flow and could be the result of non-optimal XDC constraints or non-optimal design architecture
Related violations: <none>

TIMING-16#19 Warning
Large setup violation  
There is a large setup violation of -1.040 ns between score_bf16[10] (clocked by core_clk) and u_compatibility/u_core/ctx_sum_q15_reg[2][4]/D (clocked by core_clk). Large setup violations at the end of those stages might be difficult to fix during the post-placement implementation flow and could be the result of non-optimal XDC constraints or non-optimal design architecture
Related violations: <none>

TIMING-16#20 Warning
Large setup violation  
There is a large setup violation of -1.040 ns between score_bf16[10] (clocked by core_clk) and u_compatibility/u_core/ctx_sum_q15_reg[3][4]/D (clocked by core_clk). Large setup violations at the end of those stages might be difficult to fix during the post-placement implementation flow and could be the result of non-optimal XDC constraints or non-optimal design architecture
Related violations: <none>

TIMING-16#21 Warning
Large setup violation  
There is a large setup violation of -1.045 ns between score_bf16[10] (clocked by core_clk) and u_compatibility/u_core/ctx_sum_q15_reg[0][13]/D (clocked by core_clk). Large setup violations at the end of those stages might be difficult to fix during the post-placement implementation flow and could be the result of non-optimal XDC constraints or non-optimal design architecture
Related violations: <none>

TIMING-16#22 Warning
Large setup violation  
There is a large setup violation of -1.045 ns between score_bf16[10] (clocked by core_clk) and u_compatibility/u_core/ctx_sum_q15_reg[1][13]/D (clocked by core_clk). Large setup violations at the end of those stages might be difficult to fix during the post-placement implementation flow and could be the result of non-optimal XDC constraints or non-optimal design architecture
Related violations: <none>

TIMING-16#23 Warning
Large setup violation  
There is a large setup violation of -1.045 ns between score_bf16[10] (clocked by core_clk) and u_compatibility/u_core/ctx_sum_q15_reg[2][13]/D (clocked by core_clk). Large setup violations at the end of those stages might be difficult to fix during the post-placement implementation flow and could be the result of non-optimal XDC constraints or non-optimal design architecture
Related violations: <none>

TIMING-16#24 Warning
Large setup violation  
There is a large setup violation of -1.045 ns between score_bf16[10] (clocked by core_clk) and u_compatibility/u_core/ctx_sum_q15_reg[3][13]/D (clocked by core_clk). Large setup violations at the end of those stages might be difficult to fix during the post-placement implementation flow and could be the result of non-optimal XDC constraints or non-optimal design architecture
Related violations: <none>

TIMING-16#25 Warning
Large setup violation  
There is a large setup violation of -1.062 ns between score_bf16[10] (clocked by core_clk) and u_compatibility/u_core/ctx_sum_q15_reg[0][14]/D (clocked by core_clk). Large setup violations at the end of those stages might be difficult to fix during the post-placement implementation flow and could be the result of non-optimal XDC constraints or non-optimal design architecture
Related violations: <none>

TIMING-16#26 Warning
Large setup violation  
There is a large setup violation of -1.062 ns between score_bf16[10] (clocked by core_clk) and u_compatibility/u_core/ctx_sum_q15_reg[1][14]/D (clocked by core_clk). Large setup violations at the end of those stages might be difficult to fix during the post-placement implementation flow and could be the result of non-optimal XDC constraints or non-optimal design architecture
Related violations: <none>

TIMING-16#27 Warning
Large setup violation  
There is a large setup violation of -1.062 ns between score_bf16[10] (clocked by core_clk) and u_compatibility/u_core/ctx_sum_q15_reg[2][14]/D (clocked by core_clk). Large setup violations at the end of those stages might be difficult to fix during the post-placement implementation flow and could be the result of non-optimal XDC constraints or non-optimal design architecture
Related violations: <none>

TIMING-16#28 Warning
Large setup violation  
There is a large setup violation of -1.062 ns between score_bf16[10] (clocked by core_clk) and u_compatibility/u_core/ctx_sum_q15_reg[3][14]/D (clocked by core_clk). Large setup violations at the end of those stages might be difficult to fix during the post-placement implementation flow and could be the result of non-optimal XDC constraints or non-optimal design architecture
Related violations: <none>

TIMING-16#29 Warning
Large setup violation  
There is a large setup violation of -1.063 ns between score_bf16[10] (clocked by core_clk) and u_compatibility/u_core/ctx_sum_q15_reg[0][17]/D (clocked by core_clk). Large setup violations at the end of those stages might be difficult to fix during the post-placement implementation flow and could be the result of non-optimal XDC constraints or non-optimal design architecture
Related violations: <none>

TIMING-16#30 Warning
Large setup violation  
There is a large setup violation of -1.063 ns between score_bf16[10] (clocked by core_clk) and u_compatibility/u_core/ctx_sum_q15_reg[0][8]/D (clocked by core_clk). Large setup violations at the end of those stages might be difficult to fix during the post-placement implementation flow and could be the result of non-optimal XDC constraints or non-optimal design architecture
Related violations: <none>

TIMING-16#31 Warning
Large setup violation  
There is a large setup violation of -1.063 ns between score_bf16[10] (clocked by core_clk) and u_compatibility/u_core/ctx_sum_q15_reg[1][17]/D (clocked by core_clk). Large setup violations at the end of those stages might be difficult to fix during the post-placement implementation flow and could be the result of non-optimal XDC constraints or non-optimal design architecture
Related violations: <none>

TIMING-16#32 Warning
Large setup violation  
There is a large setup violation of -1.063 ns between score_bf16[10] (clocked by core_clk) and u_compatibility/u_core/ctx_sum_q15_reg[1][8]/D (clocked by core_clk). Large setup violations at the end of those stages might be difficult to fix during the post-placement implementation flow and could be the result of non-optimal XDC constraints or non-optimal design architecture
Related violations: <none>

TIMING-16#33 Warning
Large setup violation  
There is a large setup violation of -1.063 ns between score_bf16[10] (clocked by core_clk) and u_compatibility/u_core/ctx_sum_q15_reg[2][17]/D (clocked by core_clk). Large setup violations at the end of those stages might be difficult to fix during the post-placement implementation flow and could be the result of non-optimal XDC constraints or non-optimal design architecture
Related violations: <none>

TIMING-16#34 Warning
Large setup violation  
There is a large setup violation of -1.063 ns between score_bf16[10] (clocked by core_clk) and u_compatibility/u_core/ctx_sum_q15_reg[2][8]/D (clocked by core_clk). Large setup violations at the end of those stages might be difficult to fix during the post-placement implementation flow and could be the result of non-optimal XDC constraints or non-optimal design architecture
Related violations: <none>

TIMING-16#35 Warning
Large setup violation  
There is a large setup violation of -1.063 ns between score_bf16[10] (clocked by core_clk) and u_compatibility/u_core/ctx_sum_q15_reg[3][17]/D (clocked by core_clk). Large setup violations at the end of those stages might be difficult to fix during the post-placement implementation flow and could be the result of non-optimal XDC constraints or non-optimal design architecture
Related violations: <none>

TIMING-16#36 Warning
Large setup violation  
There is a large setup violation of -1.063 ns between score_bf16[10] (clocked by core_clk) and u_compatibility/u_core/ctx_sum_q15_reg[3][8]/D (clocked by core_clk). Large setup violations at the end of those stages might be difficult to fix during the post-placement implementation flow and could be the result of non-optimal XDC constraints or non-optimal design architecture
Related violations: <none>

TIMING-16#37 Warning
Large setup violation  
There is a large setup violation of -1.072 ns between score_bf16[10] (clocked by core_clk) and u_compatibility/u_core/ctx_sum_q15_reg[0][21]/D (clocked by core_clk). Large setup violations at the end of those stages might be difficult to fix during the post-placement implementation flow and could be the result of non-optimal XDC constraints or non-optimal design architecture
Related violations: <none>

TIMING-16#38 Warning
Large setup violation  
There is a large setup violation of -1.072 ns between score_bf16[10] (clocked by core_clk) and u_compatibility/u_core/ctx_sum_q15_reg[1][21]/D (clocked by core_clk). Large setup violations at the end of those stages might be difficult to fix during the post-placement implementation flow and could be the result of non-optimal XDC constraints or non-optimal design architecture
Related violations: <none>

TIMING-16#39 Warning
Large setup violation  
There is a large setup violation of -1.072 ns between score_bf16[10] (clocked by core_clk) and u_compatibility/u_core/ctx_sum_q15_reg[2][21]/D (clocked by core_clk). Large setup violations at the end of those stages might be difficult to fix during the post-placement implementation flow and could be the result of non-optimal XDC constraints or non-optimal design architecture
Related violations: <none>

TIMING-16#40 Warning
Large setup violation  
There is a large setup violation of -1.072 ns between score_bf16[10] (clocked by core_clk) and u_compatibility/u_core/ctx_sum_q15_reg[3][21]/D (clocked by core_clk). Large setup violations at the end of those stages might be difficult to fix during the post-placement implementation flow and could be the result of non-optimal XDC constraints or non-optimal design architecture
Related violations: <none>

TIMING-16#41 Warning
Large setup violation  
There is a large setup violation of -1.074 ns between score_bf16[10] (clocked by core_clk) and u_compatibility/u_core/ctx_sum_q15_reg[0][10]/D (clocked by core_clk). Large setup violations at the end of those stages might be difficult to fix during the post-placement implementation flow and could be the result of non-optimal XDC constraints or non-optimal design architecture
Related violations: <none>

TIMING-16#42 Warning
Large setup violation  
There is a large setup violation of -1.074 ns between score_bf16[10] (clocked by core_clk) and u_compatibility/u_core/ctx_sum_q15_reg[1][10]/D (clocked by core_clk). Large setup violations at the end of those stages might be difficult to fix during the post-placement implementation flow and could be the result of non-optimal XDC constraints or non-optimal design architecture
Related violations: <none>

TIMING-16#43 Warning
Large setup violation  
There is a large setup violation of -1.074 ns between score_bf16[10] (clocked by core_clk) and u_compatibility/u_core/ctx_sum_q15_reg[2][10]/D (clocked by core_clk). Large setup violations at the end of those stages might be difficult to fix during the post-placement implementation flow and could be the result of non-optimal XDC constraints or non-optimal design architecture
Related violations: <none>

TIMING-16#44 Warning
Large setup violation  
There is a large setup violation of -1.074 ns between score_bf16[10] (clocked by core_clk) and u_compatibility/u_core/ctx_sum_q15_reg[3][10]/D (clocked by core_clk). Large setup violations at the end of those stages might be difficult to fix during the post-placement implementation flow and could be the result of non-optimal XDC constraints or non-optimal design architecture
Related violations: <none>

TIMING-16#45 Warning
Large setup violation  
There is a large setup violation of -1.076 ns between score_bf16[10] (clocked by core_clk) and u_compatibility/u_core/ctx_sum_q15_reg[0][15]/D (clocked by core_clk). Large setup violations at the end of those stages might be difficult to fix during the post-placement implementation flow and could be the result of non-optimal XDC constraints or non-optimal design architecture
Related violations: <none>

TIMING-16#46 Warning
Large setup violation  
There is a large setup violation of -1.076 ns between score_bf16[10] (clocked by core_clk) and u_compatibility/u_core/ctx_sum_q15_reg[1][15]/D (clocked by core_clk). Large setup violations at the end of those stages might be difficult to fix during the post-placement implementation flow and could be the result of non-optimal XDC constraints or non-optimal design architecture
Related violations: <none>

TIMING-16#47 Warning
Large setup violation  
There is a large setup violation of -1.076 ns between score_bf16[10] (clocked by core_clk) and u_compatibility/u_core/ctx_sum_q15_reg[2][15]/D (clocked by core_clk). Large setup violations at the end of those stages might be difficult to fix during the post-placement implementation flow and could be the result of non-optimal XDC constraints or non-optimal design architecture
Related violations: <none>

TIMING-16#48 Warning
Large setup violation  
There is a large setup violation of -1.076 ns between score_bf16[10] (clocked by core_clk) and u_compatibility/u_core/ctx_sum_q15_reg[3][15]/D (clocked by core_clk). Large setup violations at the end of those stages might be difficult to fix during the post-placement implementation flow and could be the result of non-optimal XDC constraints or non-optimal design architecture
Related violations: <none>

TIMING-16#49 Warning
Large setup violation  
There is a large setup violation of -1.089 ns between score_bf16[10] (clocked by core_clk) and u_compatibility/u_core/ctx_sum_q15_reg[0][22]/D (clocked by core_clk). Large setup violations at the end of those stages might be difficult to fix during the post-placement implementation flow and could be the result of non-optimal XDC constraints or non-optimal design architecture
Related violations: <none>

TIMING-16#50 Warning
Large setup violation  
There is a large setup violation of -1.089 ns between score_bf16[10] (clocked by core_clk) and u_compatibility/u_core/ctx_sum_q15_reg[1][22]/D (clocked by core_clk). Large setup violations at the end of those stages might be difficult to fix during the post-placement implementation flow and could be the result of non-optimal XDC constraints or non-optimal design architecture
Related violations: <none>

TIMING-16#51 Warning
Large setup violation  
There is a large setup violation of -1.089 ns between score_bf16[10] (clocked by core_clk) and u_compatibility/u_core/ctx_sum_q15_reg[2][22]/D (clocked by core_clk). Large setup violations at the end of those stages might be difficult to fix during the post-placement implementation flow and could be the result of non-optimal XDC constraints or non-optimal design architecture
Related violations: <none>

TIMING-16#52 Warning
Large setup violation  
There is a large setup violation of -1.089 ns between score_bf16[10] (clocked by core_clk) and u_compatibility/u_core/ctx_sum_q15_reg[3][22]/D (clocked by core_clk). Large setup violations at the end of those stages might be difficult to fix during the post-placement implementation flow and could be the result of non-optimal XDC constraints or non-optimal design architecture
Related violations: <none>

TIMING-16#53 Warning
Large setup violation  
There is a large setup violation of -1.090 ns between score_bf16[10] (clocked by core_clk) and u_compatibility/u_core/ctx_sum_q15_reg[0][16]/D (clocked by core_clk). Large setup violations at the end of those stages might be difficult to fix during the post-placement implementation flow and could be the result of non-optimal XDC constraints or non-optimal design architecture
Related violations: <none>

TIMING-16#54 Warning
Large setup violation  
There is a large setup violation of -1.090 ns between score_bf16[10] (clocked by core_clk) and u_compatibility/u_core/ctx_sum_q15_reg[1][16]/D (clocked by core_clk). Large setup violations at the end of those stages might be difficult to fix during the post-placement implementation flow and could be the result of non-optimal XDC constraints or non-optimal design architecture
Related violations: <none>

TIMING-16#55 Warning
Large setup violation  
There is a large setup violation of -1.090 ns between score_bf16[10] (clocked by core_clk) and u_compatibility/u_core/ctx_sum_q15_reg[2][16]/D (clocked by core_clk). Large setup violations at the end of those stages might be difficult to fix during the post-placement implementation flow and could be the result of non-optimal XDC constraints or non-optimal design architecture
Related violations: <none>

TIMING-16#56 Warning
Large setup violation  
There is a large setup violation of -1.090 ns between score_bf16[10] (clocked by core_clk) and u_compatibility/u_core/ctx_sum_q15_reg[3][16]/D (clocked by core_clk). Large setup violations at the end of those stages might be difficult to fix during the post-placement implementation flow and could be the result of non-optimal XDC constraints or non-optimal design architecture
Related violations: <none>

TIMING-16#57 Warning
Large setup violation  
There is a large setup violation of -1.093 ns between score_bf16[10] (clocked by core_clk) and u_compatibility/u_core/ctx_sum_q15_reg[0][12]/D (clocked by core_clk). Large setup violations at the end of those stages might be difficult to fix during the post-placement implementation flow and could be the result of non-optimal XDC constraints or non-optimal design architecture
Related violations: <none>

TIMING-16#58 Warning
Large setup violation  
There is a large setup violation of -1.093 ns between score_bf16[10] (clocked by core_clk) and u_compatibility/u_core/ctx_sum_q15_reg[1][12]/D (clocked by core_clk). Large setup violations at the end of those stages might be difficult to fix during the post-placement implementation flow and could be the result of non-optimal XDC constraints or non-optimal design architecture
Related violations: <none>

TIMING-16#59 Warning
Large setup violation  
There is a large setup violation of -1.093 ns between score_bf16[10] (clocked by core_clk) and u_compatibility/u_core/ctx_sum_q15_reg[2][12]/D (clocked by core_clk). Large setup violations at the end of those stages might be difficult to fix during the post-placement implementation flow and could be the result of non-optimal XDC constraints or non-optimal design architecture
Related violations: <none>

TIMING-16#60 Warning
Large setup violation  
There is a large setup violation of -1.093 ns between score_bf16[10] (clocked by core_clk) and u_compatibility/u_core/ctx_sum_q15_reg[3][12]/D (clocked by core_clk). Large setup violations at the end of those stages might be difficult to fix during the post-placement implementation flow and could be the result of non-optimal XDC constraints or non-optimal design architecture
Related violations: <none>

TIMING-16#61 Warning
Large setup violation  
There is a large setup violation of -1.101 ns between score_bf16[10] (clocked by core_clk) and u_compatibility/u_core/ctx_sum_q15_reg[0][18]/D (clocked by core_clk). Large setup violations at the end of those stages might be difficult to fix during the post-placement implementation flow and could be the result of non-optimal XDC constraints or non-optimal design architecture
Related violations: <none>

TIMING-16#62 Warning
Large setup violation  
There is a large setup violation of -1.101 ns between score_bf16[10] (clocked by core_clk) and u_compatibility/u_core/ctx_sum_q15_reg[1][18]/D (clocked by core_clk). Large setup violations at the end of those stages might be difficult to fix during the post-placement implementation flow and could be the result of non-optimal XDC constraints or non-optimal design architecture
Related violations: <none>

TIMING-16#63 Warning
Large setup violation  
There is a large setup violation of -1.101 ns between score_bf16[10] (clocked by core_clk) and u_compatibility/u_core/ctx_sum_q15_reg[2][18]/D (clocked by core_clk). Large setup violations at the end of those stages might be difficult to fix during the post-placement implementation flow and could be the result of non-optimal XDC constraints or non-optimal design architecture
Related violations: <none>

TIMING-16#64 Warning
Large setup violation  
There is a large setup violation of -1.101 ns between score_bf16[10] (clocked by core_clk) and u_compatibility/u_core/ctx_sum_q15_reg[3][18]/D (clocked by core_clk). Large setup violations at the end of those stages might be difficult to fix during the post-placement implementation flow and could be the result of non-optimal XDC constraints or non-optimal design architecture
Related violations: <none>

TIMING-16#65 Warning
Large setup violation  
There is a large setup violation of -1.120 ns between score_bf16[10] (clocked by core_clk) and u_compatibility/u_core/ctx_sum_q15_reg[0][20]/D (clocked by core_clk). Large setup violations at the end of those stages might be difficult to fix during the post-placement implementation flow and could be the result of non-optimal XDC constraints or non-optimal design architecture
Related violations: <none>

TIMING-16#66 Warning
Large setup violation  
There is a large setup violation of -1.120 ns between score_bf16[10] (clocked by core_clk) and u_compatibility/u_core/ctx_sum_q15_reg[1][20]/D (clocked by core_clk). Large setup violations at the end of those stages might be difficult to fix during the post-placement implementation flow and could be the result of non-optimal XDC constraints or non-optimal design architecture
Related violations: <none>

TIMING-16#67 Warning
Large setup violation  
There is a large setup violation of -1.120 ns between score_bf16[10] (clocked by core_clk) and u_compatibility/u_core/ctx_sum_q15_reg[2][20]/D (clocked by core_clk). Large setup violations at the end of those stages might be difficult to fix during the post-placement implementation flow and could be the result of non-optimal XDC constraints or non-optimal design architecture
Related violations: <none>

TIMING-16#68 Warning
Large setup violation  
There is a large setup violation of -1.120 ns between score_bf16[10] (clocked by core_clk) and u_compatibility/u_core/ctx_sum_q15_reg[3][20]/D (clocked by core_clk). Large setup violations at the end of those stages might be difficult to fix during the post-placement implementation flow and could be the result of non-optimal XDC constraints or non-optimal design architecture
Related violations: <none>

TIMING-16#69 Warning
Large setup violation  
There is a large setup violation of -1.486 ns between score_bf16[10] (clocked by core_clk) and u_compatibility/u_core/weight_bf16_reg_reg[1]/D (clocked by core_clk). Large setup violations at the end of those stages might be difficult to fix during the post-placement implementation flow and could be the result of non-optimal XDC constraints or non-optimal design architecture
Related violations: <none>

TIMING-16#70 Warning
Large setup violation  
There is a large setup violation of -1.529 ns between score_bf16[10] (clocked by core_clk) and u_compatibility/u_core/weight_bf16_reg_reg[0]/D (clocked by core_clk). Large setup violations at the end of those stages might be difficult to fix during the post-placement implementation flow and could be the result of non-optimal XDC constraints or non-optimal design architecture
Related violations: <none>

TIMING-16#71 Warning
Large setup violation  
There is a large setup violation of -1.621 ns between score_bf16[10] (clocked by core_clk) and u_compatibility/u_core/weight_bf16_reg_reg[2]/D (clocked by core_clk). Large setup violations at the end of those stages might be difficult to fix during the post-placement implementation flow and could be the result of non-optimal XDC constraints or non-optimal design architecture
Related violations: <none>

TIMING-16#72 Warning
Large setup violation  
There is a large setup violation of -1.621 ns between score_bf16[10] (clocked by core_clk) and u_compatibility/u_core/weight_bf16_reg_reg[3]/D (clocked by core_clk). Large setup violations at the end of those stages might be difficult to fix during the post-placement implementation flow and could be the result of non-optimal XDC constraints or non-optimal design architecture
Related violations: <none>

TIMING-16#73 Warning
Large setup violation  
There is a large setup violation of -1.823 ns between u_accuracy/u_exp/stage0_max_bf16_reg[8]/C (clocked by core_clk) and u_accuracy/u_exp/stage1_binary_fraction_reg[0]/D (clocked by core_clk). Large setup violations at the end of those stages might be difficult to fix during the post-placement implementation flow and could be the result of non-optimal XDC constraints or non-optimal design architecture
Related violations: <none>

TIMING-16#74 Warning
Large setup violation  
There is a large setup violation of -1.854 ns between u_accuracy/u_exp/stage0_max_bf16_reg[8]/C (clocked by core_clk) and u_accuracy/u_exp/stage1_binary_fraction_reg[1]/D (clocked by core_clk). Large setup violations at the end of those stages might be difficult to fix during the post-placement implementation flow and could be the result of non-optimal XDC constraints or non-optimal design architecture
Related violations: <none>

TIMING-16#75 Warning
Large setup violation  
There is a large setup violation of -1.857 ns between score_bf16[10] (clocked by core_clk) and u_compatibility/u_core/weight_bf16_reg_reg[4]/D (clocked by core_clk). Large setup violations at the end of those stages might be difficult to fix during the post-placement implementation flow and could be the result of non-optimal XDC constraints or non-optimal design architecture
Related violations: <none>

TIMING-16#76 Warning
Large setup violation  
There is a large setup violation of -1.891 ns between score_bf16[10] (clocked by core_clk) and u_compatibility/u_core/weight_bf16_reg_reg[5]/D (clocked by core_clk). Large setup violations at the end of those stages might be difficult to fix during the post-placement implementation flow and could be the result of non-optimal XDC constraints or non-optimal design architecture
Related violations: <none>

TIMING-16#77 Warning
Large setup violation  
There is a large setup violation of -1.891 ns between score_bf16[10] (clocked by core_clk) and u_compatibility/u_core/weight_bf16_reg_reg[6]/D (clocked by core_clk). Large setup violations at the end of those stages might be difficult to fix during the post-placement implementation flow and could be the result of non-optimal XDC constraints or non-optimal design architecture
Related violations: <none>

TIMING-16#78 Warning
Large setup violation  
There is a large setup violation of -1.893 ns between u_accuracy/u_exp/stage0_max_bf16_reg[8]/C (clocked by core_clk) and u_accuracy/u_exp/stage1_binary_fraction_reg[2]/D (clocked by core_clk). Large setup violations at the end of those stages might be difficult to fix during the post-placement implementation flow and could be the result of non-optimal XDC constraints or non-optimal design architecture
Related violations: <none>

TIMING-16#79 Warning
Large setup violation  
There is a large setup violation of -1.898 ns between u_accuracy/u_exp/stage0_max_bf16_reg[8]/C (clocked by core_clk) and u_accuracy/u_exp/stage1_binary_fraction_reg[3]/D (clocked by core_clk). Large setup violations at the end of those stages might be difficult to fix during the post-placement implementation flow and could be the result of non-optimal XDC constraints or non-optimal design architecture
Related violations: <none>

TIMING-16#80 Warning
Large setup violation  
There is a large setup violation of -1.930 ns between score_bf16[10] (clocked by core_clk) and u_compatibility/u_core/weight_bf16_reg_reg[10]/D (clocked by core_clk). Large setup violations at the end of those stages might be difficult to fix during the post-placement implementation flow and could be the result of non-optimal XDC constraints or non-optimal design architecture
Related violations: <none>

TIMING-16#81 Warning
Large setup violation  
There is a large setup violation of -1.930 ns between score_bf16[10] (clocked by core_clk) and u_compatibility/u_core/weight_bf16_reg_reg[13]/D (clocked by core_clk). Large setup violations at the end of those stages might be difficult to fix during the post-placement implementation flow and could be the result of non-optimal XDC constraints or non-optimal design architecture
Related violations: <none>

TIMING-16#82 Warning
Large setup violation  
There is a large setup violation of -1.930 ns between score_bf16[10] (clocked by core_clk) and u_compatibility/u_core/weight_bf16_reg_reg[14]/D (clocked by core_clk). Large setup violations at the end of those stages might be difficult to fix during the post-placement implementation flow and could be the result of non-optimal XDC constraints or non-optimal design architecture
Related violations: <none>

TIMING-16#83 Warning
Large setup violation  
There is a large setup violation of -1.930 ns between score_bf16[10] (clocked by core_clk) and u_compatibility/u_core/weight_bf16_reg_reg[7]/D (clocked by core_clk). Large setup violations at the end of those stages might be difficult to fix during the post-placement implementation flow and could be the result of non-optimal XDC constraints or non-optimal design architecture
Related violations: <none>

TIMING-16#84 Warning
Large setup violation  
There is a large setup violation of -1.930 ns between score_bf16[10] (clocked by core_clk) and u_compatibility/u_core/weight_bf16_reg_reg[8]/D (clocked by core_clk). Large setup violations at the end of those stages might be difficult to fix during the post-placement implementation flow and could be the result of non-optimal XDC constraints or non-optimal design architecture
Related violations: <none>

TIMING-16#85 Warning
Large setup violation  
There is a large setup violation of -1.930 ns between score_bf16[10] (clocked by core_clk) and u_compatibility/u_core/weight_bf16_reg_reg[9]/D (clocked by core_clk). Large setup violations at the end of those stages might be difficult to fix during the post-placement implementation flow and could be the result of non-optimal XDC constraints or non-optimal design architecture
Related violations: <none>

TIMING-16#86 Warning
Large setup violation  
There is a large setup violation of -1.964 ns between u_accuracy/u_exp/stage0_max_bf16_reg[8]/C (clocked by core_clk) and u_accuracy/u_exp/stage1_binary_fraction_reg[4]/D (clocked by core_clk). Large setup violations at the end of those stages might be difficult to fix during the post-placement implementation flow and could be the result of non-optimal XDC constraints or non-optimal design architecture
Related violations: <none>

TIMING-16#87 Warning
Large setup violation  
There is a large setup violation of -1.985 ns between u_accuracy/u_exp/stage0_max_bf16_reg[8]/C (clocked by core_clk) and u_accuracy/u_exp/stage1_binary_fraction_reg[6]/D (clocked by core_clk). Large setup violations at the end of those stages might be difficult to fix during the post-placement implementation flow and could be the result of non-optimal XDC constraints or non-optimal design architecture
Related violations: <none>

TIMING-16#88 Warning
Large setup violation  
There is a large setup violation of -1.998 ns between u_accuracy/u_exp/stage0_max_bf16_reg[8]/C (clocked by core_clk) and u_accuracy/u_exp/stage1_binary_fraction_reg[5]/D (clocked by core_clk). Large setup violations at the end of those stages might be difficult to fix during the post-placement implementation flow and could be the result of non-optimal XDC constraints or non-optimal design architecture
Related violations: <none>

TIMING-16#89 Warning
Large setup violation  
There is a large setup violation of -2.000 ns between u_accuracy/u_exp/stage0_max_bf16_reg[8]/C (clocked by core_clk) and u_accuracy/u_exp/stage1_binary_fraction_reg[7]/D (clocked by core_clk). Large setup violations at the end of those stages might be difficult to fix during the post-placement implementation flow and could be the result of non-optimal XDC constraints or non-optimal design architecture
Related violations: <none>

TIMING-16#90 Warning
Large setup violation  
There is a large setup violation of -2.018 ns between u_accuracy/u_exp/stage0_max_bf16_reg[8]/C (clocked by core_clk) and u_accuracy/u_exp/stage1_binary_fraction_reg[8]/D (clocked by core_clk). Large setup violations at the end of those stages might be difficult to fix during the post-placement implementation flow and could be the result of non-optimal XDC constraints or non-optimal design architecture
Related violations: <none>

TIMING-16#91 Warning
Large setup violation  
There is a large setup violation of -2.030 ns between u_accuracy/u_exp/stage0_max_bf16_reg[8]/C (clocked by core_clk) and u_accuracy/u_exp/stage1_binary_fraction_reg[10]/D (clocked by core_clk). Large setup violations at the end of those stages might be difficult to fix during the post-placement implementation flow and could be the result of non-optimal XDC constraints or non-optimal design architecture
Related violations: <none>

TIMING-16#92 Warning
Large setup violation  
There is a large setup violation of -2.038 ns between u_accuracy/u_exp/stage0_max_bf16_reg[8]/C (clocked by core_clk) and u_accuracy/u_exp/stage1_binary_fraction_reg[9]/D (clocked by core_clk). Large setup violations at the end of those stages might be difficult to fix during the post-placement implementation flow and could be the result of non-optimal XDC constraints or non-optimal design architecture
Related violations: <none>

TIMING-16#93 Warning
Large setup violation  
There is a large setup violation of -2.045 ns between u_accuracy/u_exp/stage0_max_bf16_reg[8]/C (clocked by core_clk) and u_accuracy/u_exp/stage1_binary_exponent_reg[0]/D (clocked by core_clk). Large setup violations at the end of those stages might be difficult to fix during the post-placement implementation flow and could be the result of non-optimal XDC constraints or non-optimal design architecture
Related violations: <none>

TIMING-16#94 Warning
Large setup violation  
There is a large setup violation of -2.045 ns between u_accuracy/u_exp/stage0_max_bf16_reg[8]/C (clocked by core_clk) and u_accuracy/u_exp/stage1_binary_fraction_reg[11]/D (clocked by core_clk). Large setup violations at the end of those stages might be difficult to fix during the post-placement implementation flow and could be the result of non-optimal XDC constraints or non-optimal design architecture
Related violations: <none>

TIMING-16#95 Warning
Large setup violation  
There is a large setup violation of -2.048 ns between u_accuracy/u_exp/stage0_max_bf16_reg[8]/C (clocked by core_clk) and u_accuracy/u_exp/stage1_binary_fraction_reg[12]/D (clocked by core_clk). Large setup violations at the end of those stages might be difficult to fix during the post-placement implementation flow and could be the result of non-optimal XDC constraints or non-optimal design architecture
Related violations: <none>

TIMING-16#96 Warning
Large setup violation  
There is a large setup violation of -2.057 ns between u_accuracy/u_exp/stage0_max_bf16_reg[8]/C (clocked by core_clk) and u_accuracy/u_exp/stage1_binary_exponent_reg[2]/D (clocked by core_clk). Large setup violations at the end of those stages might be difficult to fix during the post-placement implementation flow and could be the result of non-optimal XDC constraints or non-optimal design architecture
Related violations: <none>

TIMING-16#97 Warning
Large setup violation  
There is a large setup violation of -2.065 ns between u_accuracy/u_exp/stage0_max_bf16_reg[8]/C (clocked by core_clk) and u_accuracy/u_exp/stage1_binary_exponent_reg[1]/D (clocked by core_clk). Large setup violations at the end of those stages might be difficult to fix during the post-placement implementation flow and could be the result of non-optimal XDC constraints or non-optimal design architecture
Related violations: <none>

TIMING-16#98 Warning
Large setup violation  
There is a large setup violation of -2.066 ns between u_accuracy/u_exp/stage0_max_bf16_reg[8]/C (clocked by core_clk) and u_accuracy/u_exp/stage1_binary_fraction_reg[14]/D (clocked by core_clk). Large setup violations at the end of those stages might be difficult to fix during the post-placement implementation flow and could be the result of non-optimal XDC constraints or non-optimal design architecture
Related violations: <none>

TIMING-16#99 Warning
Large setup violation  
There is a large setup violation of -2.072 ns between u_accuracy/u_exp/stage0_max_bf16_reg[8]/C (clocked by core_clk) and u_accuracy/u_exp/stage1_binary_exponent_reg[3]/D (clocked by core_clk). Large setup violations at the end of those stages might be difficult to fix during the post-placement implementation flow and could be the result of non-optimal XDC constraints or non-optimal design architecture
Related violations: <none>

TIMING-16#100 Warning
Large setup violation  
There is a large setup violation of -2.075 ns between u_accuracy/u_exp/stage0_max_bf16_reg[8]/C (clocked by core_clk) and u_accuracy/u_exp/stage1_binary_exponent_reg[4]/D (clocked by core_clk). Large setup violations at the end of those stages might be difficult to fix during the post-placement implementation flow and could be the result of non-optimal XDC constraints or non-optimal design architecture
Related violations: <none>

TIMING-16#101 Warning
Large setup violation  
There is a large setup violation of -2.078 ns between u_accuracy/u_exp/stage0_max_bf16_reg[8]/C (clocked by core_clk) and u_accuracy/u_exp/stage1_binary_fraction_reg[13]/D (clocked by core_clk). Large setup violations at the end of those stages might be difficult to fix during the post-placement implementation flow and could be the result of non-optimal XDC constraints or non-optimal design architecture
Related violations: <none>

TIMING-16#102 Warning
Large setup violation  
There is a large setup violation of -2.079 ns between u_accuracy/u_exp/stage0_max_bf16_reg[8]/C (clocked by core_clk) and u_accuracy/u_exp/stage1_binary_fraction_reg[15]/D (clocked by core_clk). Large setup violations at the end of those stages might be difficult to fix during the post-placement implementation flow and could be the result of non-optimal XDC constraints or non-optimal design architecture
Related violations: <none>

TIMING-16#103 Warning
Large setup violation  
There is a large setup violation of -2.093 ns between u_accuracy/u_exp/stage0_max_bf16_reg[8]/C (clocked by core_clk) and u_accuracy/u_exp/stage1_binary_exponent_reg[6]/D (clocked by core_clk). Large setup violations at the end of those stages might be difficult to fix during the post-placement implementation flow and could be the result of non-optimal XDC constraints or non-optimal design architecture
Related violations: <none>

TIMING-16#104 Warning
Large setup violation  
There is a large setup violation of -2.105 ns between u_accuracy/u_exp/stage0_max_bf16_reg[8]/C (clocked by core_clk) and u_accuracy/u_exp/stage1_binary_exponent_reg[5]/D (clocked by core_clk). Large setup violations at the end of those stages might be difficult to fix during the post-placement implementation flow and could be the result of non-optimal XDC constraints or non-optimal design architecture
Related violations: <none>

TIMING-16#105 Warning
Large setup violation  
There is a large setup violation of -2.106 ns between u_accuracy/u_exp/stage0_max_bf16_reg[8]/C (clocked by core_clk) and u_accuracy/u_exp/stage1_binary_exponent_reg[7]/D (clocked by core_clk). Large setup violations at the end of those stages might be difficult to fix during the post-placement implementation flow and could be the result of non-optimal XDC constraints or non-optimal design architecture
Related violations: <none>


