Copyright 1986-2022 Xilinx, Inc. All Rights Reserved. Copyright 2022-2025 Advanced Micro Devices, Inc. All Rights Reserved.
-------------------------------------------------------------------------------------------------------------------------------------------------
| Tool Version     : Vivado v.2025.2 (win64) Build 6299465 Fri Nov 14 19:35:11 GMT 2025
| Date             : Sat Sep 12 20:41:52 2026
| Host             : zhangxuanhao running 64-bit major release  (build 9200)
| Command          : report_power -file C:/Users/zhangxuanhao/AppData/Local/Temp/b4v_c972c731/ooc_results/power.rpt
| Design           : cats_r4_b4_softmax_pv_cluster
| Device           : xczu15eg-ffvb1156-2-i
| Design State     : synthesized
| Grade            : industrial
| Process          : typical
| Characterization : Production
-------------------------------------------------------------------------------------------------------------------------------------------------

Power Report

Table of Contents
-----------------
1. Summary
1.1 On-Chip Components
1.2 Power Supply Summary
1.3 Confidence Level
2. Settings
2.1 Environment
2.2 Clock Constraints
3. Detailed Reports
3.1 By Hierarchy

1. Summary
----------

+--------------------------+--------------+
| Total On-Chip Power (W)  | 1.508        |
| Design Power Budget (W)  | Unspecified* |
| Power Budget Margin (W)  | NA           |
| Dynamic (W)              | 0.794        |
| Device Static (W)        | 0.713        |
| Effective TJA (C/W)      | 1.0          |
| Max Ambient (C)          | 98.5         |
| Junction Temperature (C) | 26.5         |
| Confidence Level         | Medium       |
| Setting File             | ---          |
| Simulation Activity File | ---          |
| Design Nets Matched      | NA           |
+--------------------------+--------------+
* Specify Design Power Budget using, set_operating_conditions -design_power_budget <value in Watts>


1.1 On-Chip Components
----------------------

+--------------------------+-----------+----------+-----------+-----------------+
| On-Chip                  | Power (W) | Used     | Available | Utilization (%) |
+--------------------------+-----------+----------+-----------+-----------------+
| Clocks                   |     0.199 |        3 |       --- |             --- |
| CLB Logic                |     0.234 |   109126 |       --- |             --- |
|   LUT as Logic           |     0.161 |    30389 |    341280 |            8.90 |
|   Register               |     0.029 |    54697 |    682560 |            8.01 |
|   LUT as Shift Register  |     0.029 |     1344 |    184320 |            0.73 |
|   LUT as Distributed RAM |     0.011 |     1238 |    184320 |            0.67 |
|   CARRY8                 |     0.004 |     1424 |     42660 |            3.34 |
|   Others                 |     0.000 |     7437 |       --- |             --- |
|   F7/F8 Muxes            |     0.000 |     3223 |    341280 |            0.94 |
| Signals                  |     0.222 |    80367 |       --- |             --- |
| DSPs                     |     0.139 |      195 |      3528 |            5.53 |
| Static Power             |     0.713 |          |           |                 |
| Total                    |     1.508 |          |           |                 |
+--------------------------+-----------+----------+-----------+-----------------+


1.2 Power Supply Summary
------------------------

+------------------+-------------+-----------+-------------+------------+-------------+-------------+------------+
| Source           | Voltage (V) | Total (A) | Dynamic (A) | Static (A) | Powerup (A) | Budget (A)  | Margin (A) |
+------------------+-------------+-----------+-------------+------------+-------------+-------------+------------+
| Vccint           |       0.850 |     1.157 |       0.935 |      0.223 |       NA    | Unspecified | NA         |
| Vccint_io        |       0.850 |     0.035 |       0.000 |      0.035 |       NA    | Unspecified | NA         |
| Vccbram          |       0.850 |     0.003 |       0.000 |      0.003 |       NA    | Unspecified | NA         |
| Vccaux           |       1.800 |     0.225 |       0.000 |      0.225 |       NA    | Unspecified | NA         |
| Vccaux_io        |       1.800 |     0.033 |       0.000 |      0.033 |       NA    | Unspecified | NA         |
| Vcco33           |       3.300 |     0.000 |       0.000 |      0.000 |       NA    | Unspecified | NA         |
| Vcco25           |       2.500 |     0.000 |       0.000 |      0.000 |       NA    | Unspecified | NA         |
| Vcco18           |       1.800 |     0.000 |       0.000 |      0.000 |       NA    | Unspecified | NA         |
| Vcco15           |       1.500 |     0.000 |       0.000 |      0.000 |       NA    | Unspecified | NA         |
| Vcco135          |       1.350 |     0.000 |       0.000 |      0.000 |       NA    | Unspecified | NA         |
| Vcco12           |       1.200 |     0.000 |       0.000 |      0.000 |       NA    | Unspecified | NA         |
| Vcco10           |       1.000 |     0.000 |       0.000 |      0.000 |       NA    | Unspecified | NA         |
| Vccadc           |       1.800 |     0.008 |       0.000 |      0.008 |       NA    | Unspecified | NA         |
| VCC_PSINTFP      |       0.850 |     0.000 |       0.000 |      0.000 |       NA    | Unspecified | NA         |
| VCC_PSINTLP      |       0.850 |     0.005 |       0.000 |      0.005 |       NA    | Unspecified | NA         |
| VPS_MGTRAVCC     |       0.850 |     0.000 |       0.000 |      0.000 |       NA    | Unspecified | NA         |
| VCC_PSINTFP_DDR  |       0.850 |     0.000 |       0.000 |      0.000 |       NA    | Unspecified | NA         |
| VCC_PSPLL        |       1.200 |     0.002 |       0.000 |      0.002 |       NA    | Unspecified | NA         |
| VPS_MGTRAVTT     |       1.800 |     0.000 |       0.000 |      0.000 |       NA    | Unspecified | NA         |
| VCCO_PSDDR_504   |       1.200 |     0.000 |       0.000 |      0.000 |       NA    | Unspecified | NA         |
| VCC_PSAUX        |       1.800 |     0.002 |       0.000 |      0.002 |       NA    | Unspecified | NA         |
| VCC_PSBATT       |       1.200 |     0.000 |       0.000 |      0.000 |       NA    | Unspecified | NA         |
| VCC_PSDDR_PLL    |       1.800 |     0.000 |       0.000 |      0.000 |       NA    | Unspecified | NA         |
| VCCO_PSIO0_500   |       3.300 |     0.000 |       0.000 |      0.000 |       NA    | Unspecified | NA         |
| VCCO_PSIO1_501   |       3.300 |     0.000 |       0.000 |      0.000 |       NA    | Unspecified | NA         |
| VCCO_PSIO2_502   |       3.300 |     0.000 |       0.000 |      0.000 |       NA    | Unspecified | NA         |
| VCCO_PSIO3_503   |       3.300 |     0.000 |       0.000 |      0.000 |       NA    | Unspecified | NA         |
| VCC_PSADC        |       1.800 |     0.002 |       0.000 |      0.002 |       NA    | Unspecified | NA         |
| VMGTAVCC (GTH)   |       0.900 |     0.000 |       0.000 |      0.000 |       NA    | Unspecified | NA         |
| VMGTAVTT (GTH)   |       1.200 |     0.000 |       0.000 |      0.000 |       NA    | Unspecified | NA         |
| VMGTVCCAUX (GTH) |       1.800 |     0.000 |       0.000 |      0.000 |       NA    | Unspecified | NA         |
+------------------+-------------+-----------+-------------+------------+-------------+-------------+------------+


1.3 Confidence Level
--------------------

+-----------------------------+------------+------------------------------------------------+------------------------------------------------------------------------------------------------------------+
| User Input Data             | Confidence | Details                                        | Action                                                                                                     |
+-----------------------------+------------+------------------------------------------------+------------------------------------------------------------------------------------------------------------+
| Design implementation state | Low        | Design is synthesized                          | Accuracy of the tool is not optimal until design is fully placed and routed                                |
| Clock nodes activity        | High       | User specified more than 95% of clocks         |                                                                                                            |
| I/O nodes activity          | High       | User specified more than 95% of inputs         |                                                                                                            |
| Internal nodes activity     | Medium     | User specified less than 25% of internal nodes | Provide missing internal nodes activity with simulation results or by editing the "By Resource Type" views |
| Device models               | High       | Device models are Production                   |                                                                                                            |
|                             |            |                                                |                                                                                                            |
| Overall confidence level    | Medium     |                                                |                                                                                                            |
+-----------------------------+------------+------------------------------------------------+------------------------------------------------------------------------------------------------------------+


2. Settings
-----------

2.1 Environment
---------------

+-----------------------+--------------------------+
| Ambient Temp (C)      | 25.0                     |
| ThetaJA (C/W)         | 1.0                      |
| Airflow (LFM)         | 250                      |
| Heat Sink             | medium (Medium Profile)  |
| ThetaSA (C/W)         | 1.5                      |
| Board Selection       | medium (10"x10")         |
| # of Board Layers     | 12to15 (12 to 15 Layers) |
| Board Temperature (C) | 25.0                     |
+-----------------------+--------------------------+


2.2 Clock Constraints
---------------------

+----------+--------+-----------------+
| Clock    | Domain | Constraint (ns) |
+----------+--------+-----------------+
| core_clk | clk    |             6.7 |
+----------+--------+-----------------+


3. Detailed Reports
-------------------

3.1 By Hierarchy
----------------

+-------------------------------+-----------+
| Name                          | Power (W) |
+-------------------------------+-----------+
| cats_r4_b4_softmax_pv_cluster |     0.794 |
|   u_pv                        |     0.720 |
|     u_controller              |     0.029 |
|     u_mac                     |     0.506 |
|       GEN_PV_LANE[0].u_add    |     0.008 |
|       GEN_PV_LANE[0].u_mul    |     0.005 |
|       GEN_PV_LANE[10].u_add   |     0.010 |
|       GEN_PV_LANE[10].u_mul   |     0.005 |
|       GEN_PV_LANE[11].u_add   |     0.010 |
|       GEN_PV_LANE[11].u_mul   |     0.005 |
|       GEN_PV_LANE[12].u_add   |     0.010 |
|       GEN_PV_LANE[12].u_mul   |     0.005 |
|       GEN_PV_LANE[13].u_add   |     0.010 |
|       GEN_PV_LANE[13].u_mul   |     0.005 |
|       GEN_PV_LANE[14].u_add   |     0.010 |
|       GEN_PV_LANE[14].u_mul   |     0.005 |
|       GEN_PV_LANE[15].u_add   |     0.010 |
|       GEN_PV_LANE[15].u_mul   |     0.005 |
|       GEN_PV_LANE[16].u_add   |     0.010 |
|       GEN_PV_LANE[16].u_mul   |     0.005 |
|       GEN_PV_LANE[17].u_add   |     0.010 |
|       GEN_PV_LANE[17].u_mul   |     0.005 |
|       GEN_PV_LANE[18].u_add   |     0.010 |
|       GEN_PV_LANE[18].u_mul   |     0.005 |
|       GEN_PV_LANE[19].u_add   |     0.010 |
|       GEN_PV_LANE[19].u_mul   |     0.005 |
|       GEN_PV_LANE[1].u_add    |     0.010 |
|       GEN_PV_LANE[1].u_mul    |     0.005 |
|       GEN_PV_LANE[20].u_add   |     0.010 |
|       GEN_PV_LANE[20].u_mul   |     0.005 |
|       GEN_PV_LANE[21].u_add   |     0.010 |
|       GEN_PV_LANE[21].u_mul   |     0.005 |
|       GEN_PV_LANE[22].u_add   |     0.010 |
|       GEN_PV_LANE[22].u_mul   |     0.005 |
|       GEN_PV_LANE[23].u_add   |     0.010 |
|       GEN_PV_LANE[23].u_mul   |     0.005 |
|       GEN_PV_LANE[24].u_add   |     0.010 |
|       GEN_PV_LANE[24].u_mul   |     0.005 |
|       GEN_PV_LANE[25].u_add   |     0.010 |
|       GEN_PV_LANE[25].u_mul   |     0.005 |
|       GEN_PV_LANE[26].u_add   |     0.010 |
|       GEN_PV_LANE[26].u_mul   |     0.005 |
|       GEN_PV_LANE[27].u_add   |     0.010 |
|       GEN_PV_LANE[27].u_mul   |     0.005 |
|       GEN_PV_LANE[28].u_add   |     0.010 |
|       GEN_PV_LANE[28].u_mul   |     0.005 |
|       GEN_PV_LANE[29].u_add   |     0.010 |
|       GEN_PV_LANE[29].u_mul   |     0.005 |
|       GEN_PV_LANE[2].u_add    |     0.010 |
|       GEN_PV_LANE[2].u_mul    |     0.005 |
|       GEN_PV_LANE[30].u_add   |     0.010 |
|       GEN_PV_LANE[30].u_mul   |     0.005 |
|       GEN_PV_LANE[31].u_add   |     0.010 |
|       GEN_PV_LANE[31].u_mul   |     0.005 |
|       GEN_PV_LANE[3].u_add    |     0.010 |
|       GEN_PV_LANE[3].u_mul    |     0.005 |
|       GEN_PV_LANE[4].u_add    |     0.010 |
|       GEN_PV_LANE[4].u_mul    |     0.005 |
|       GEN_PV_LANE[5].u_add    |     0.010 |
|       GEN_PV_LANE[5].u_mul    |     0.005 |
|       GEN_PV_LANE[6].u_add    |     0.010 |
|       GEN_PV_LANE[6].u_mul    |     0.005 |
|       GEN_PV_LANE[7].u_add    |     0.010 |
|       GEN_PV_LANE[7].u_mul    |     0.005 |
|       GEN_PV_LANE[8].u_add    |     0.010 |
|       GEN_PV_LANE[8].u_mul    |     0.005 |
|       GEN_PV_LANE[9].u_add    |     0.010 |
|       GEN_PV_LANE[9].u_mul    |     0.005 |
|     u_normalize               |     0.185 |
|       GEN_NORM_LANE[0].u_mul  |     0.006 |
|       GEN_NORM_LANE[10].u_mul |     0.006 |
|       GEN_NORM_LANE[11].u_mul |     0.006 |
|       GEN_NORM_LANE[12].u_mul |     0.006 |
|       GEN_NORM_LANE[13].u_mul |     0.006 |
|       GEN_NORM_LANE[14].u_mul |     0.006 |
|       GEN_NORM_LANE[15].u_mul |     0.006 |
|       GEN_NORM_LANE[16].u_mul |     0.006 |
|       GEN_NORM_LANE[17].u_mul |     0.006 |
|       GEN_NORM_LANE[18].u_mul |     0.006 |
|       GEN_NORM_LANE[19].u_mul |     0.006 |
|       GEN_NORM_LANE[1].u_mul  |     0.006 |
|       GEN_NORM_LANE[20].u_mul |     0.006 |
|       GEN_NORM_LANE[21].u_mul |     0.006 |
|       GEN_NORM_LANE[22].u_mul |     0.006 |
|       GEN_NORM_LANE[23].u_mul |     0.006 |
|       GEN_NORM_LANE[24].u_mul |     0.006 |
|       GEN_NORM_LANE[25].u_mul |     0.006 |
|       GEN_NORM_LANE[26].u_mul |     0.006 |
|       GEN_NORM_LANE[27].u_mul |     0.006 |
|       GEN_NORM_LANE[28].u_mul |     0.006 |
|       GEN_NORM_LANE[29].u_mul |     0.006 |
|       GEN_NORM_LANE[2].u_mul  |     0.006 |
|       GEN_NORM_LANE[30].u_mul |     0.006 |
|       GEN_NORM_LANE[31].u_mul |     0.006 |
|       GEN_NORM_LANE[3].u_mul  |     0.006 |
|       GEN_NORM_LANE[4].u_mul  |     0.006 |
|       GEN_NORM_LANE[5].u_mul  |     0.006 |
|       GEN_NORM_LANE[6].u_mul  |     0.006 |
|       GEN_NORM_LANE[7].u_mul  |     0.006 |
|       GEN_NORM_LANE[8].u_mul  |     0.006 |
|       GEN_NORM_LANE[9].u_mul  |     0.006 |
|   u_softmax                   |     0.073 |
|     u_accuracy                |     0.013 |
|       u_exp                   |     0.004 |
|       u_reciprocal            |     0.003 |
|       u_sum                   |     0.003 |
|     u_compatibility           |     0.008 |
|       u_core                  |     0.008 |
|     u_stager                  |     0.049 |
+-------------------------------+-----------+


